lauren ralph lauren newbury collection kaelyn mini cross body bag
lauren ralph lauren newbury collection halee tote
lauren ralph lauren newbury collection halee python embossed tote
lauren ralph lauren newbury collection halee ii shopper
lauren ralph lauren newbury collection halee color block tote
lauren ralph lauren newbury collection colorblocked double zip satchel
lauren ralph lauren newbury collection color block double zip satchel
lauren ralph lauren newbury collection barclay cross body bag
lauren ralph lauren nella peep toe espadrille wedges
lauren ralph lauren monique silk twill oblong scarf
lauren ralph lauren mockneck halter gown
lauren ralph lauren mock neck sleeveless sequined bodice jersey gown
lauren ralph lauren mock neck cold shoulder jersey dress
lauren ralph lauren mitford modern link belt
lauren ralph lauren miri leather three strap buckle gladiator sandals
lauren ralph lauren mini dog tag pendant necklace
lauren ralph lauren mini caley tasseled saddle bag
lauren ralph lauren mikenna rubber lace up rain booties
lauren ralph lauren midi a line crepe dress
lauren ralph lauren metallic shift dress
lauren ralph lauren metallic lace sheath dress
lauren ralph lauren metallic lace gown
lauren ralph lauren metallic cowlneck gown
lauren ralph lauren mesh insert short sleeve dress
lauren ralph lauren mesh back jersey gown
lauren ralph lauren mesh insert jersey gown
lauren ralph lauren mesh blocked solid scoop neck tank one piece
lauren ralph lauren meira gladiator leather backstrap sandals
lauren ralph lauren match point turquoise stud earrings
lauren ralph lauren lush tropical plunge twist one piece
lauren ralph lauren lush tropical kimono tunic cover up
lauren ralph lauren lush tropical flyaway bandeau one piece
lauren ralph lauren lush tropical farrah dress cover up
lauren ralph lauren lush bandeau cut out one piece
lauren ralph lauren lupita fringed woodblock silk triangle scarf
lauren ralph lauren ludwick collection viana saddle bag
lauren ralph lauren lucy paisley silk habutai bandanna
lauren ralph lauren lounge hoodie
lauren ralph lauren long sleeve chambray denim shirt
lauren ralph lauren long sleeve shirred side sequined jersey gown
lauren ralph lauren long sleeve ruched solid jersey sheath dress
lauren ralph lauren long chain lariat necklace
lauren ralph lauren logo woven sleepshirt
lauren ralph lauren logo band striped knit sleep shorts
lauren ralph lauren linen wide leg pant
lauren ralph lauren linen shirtdress
lauren ralph lauren linen scoop neck tee
lauren ralph lauren linen roll cuff shirt
lauren ralph lauren linen jersey shift dress
lauren ralph lauren linen 3 button blazer
lauren ralph lauren lindley collection caley tasseled saddle bag
lauren ralph lauren leopard bandeau mesh flyaway one piece
lauren ralph lauren leather belt
lauren ralph lauren leah ribbed wrap scarf
lauren ralph lauren layered split v neck long sleeve jersey top
lauren ralph lauren lauderdale perforated belt
lauren ralph lauren laser cut cotton blend shirt
lauren ralph lauren lace up ponte tank
lauren ralph lauren lace up linen top
lauren ralph lauren lace up linen dress
lauren ralph lauren lace up french terry dress
lauren ralph lauren lace up denim shift dress
lauren ralph lauren lace trimmed ditsy jersey capri pajamas
lauren ralph lauren lace trimmed ditsy floral jersey chemise
lauren ralph lauren lace trim crepe dress
lauren ralph lauren lace overlay jersey gown
lauren ralph lauren lace hem stretch cotton tee
lauren ralph lauren lace v neck dress
lauren ralph lauren lace sleeveless fit and flare dress
lauren ralph lauren lace shift dress
lauren ralph lauren lace sheath short sleeve dress
lauren ralph lauren lace satin trim cap sleeve sheath dress
lauren ralph lauren lace open front duster
lauren ralph lauren lace off the shoulder top
lauren ralph lauren lace off the shoulder dress
lauren ralph lauren lace midi sheath dress
lauren ralph lauren lace midi dress
lauren ralph lauren lace bodice crepe gown
lauren ralph lauren lace bell sleeve dress
lauren ralph lauren knotted chain necklace
lauren ralph lauren kelsey ruana
lauren ralph lauren keara stripe leather espadrille wedges
lauren ralph lauren keara espadrille wedge sandals
lauren ralph lauren jolie leather sneakers
lauren ralph lauren jersey wide leg jumpsuit
lauren ralph lauren jersey surplice v neck gown
lauren ralph lauren jersey scoop neck tank top
lauren ralph lauren jersey scoop neck maxi dress
lauren ralph lauren jersey open back gown
lauren ralph lauren jersey off the shoulder top
lauren ralph lauren jersey off the shoulder gown
lauren ralph lauren jersey gold waist long sleeve gown
lauren ralph lauren jay metallic sneakers
lauren ralph lauren jay mesh sneakers
lauren ralph lauren january hi top sneakers
lauren ralph lauren janis velvet slip on sneakers
lauren ralph lauren janis sneakers
lauren ralph lauren janis slip on sneakers
lauren ralph lauren janis denim suede slip on sneakers
lauren ralph lauren janis canvas stripe slip on sneakers
lauren ralph lauren jaelyn lace up sneakers
lauren ralph lauren jacquard off the shoulder top
lauren ralph lauren illusion sequin mesh neck sleeveless gown
lauren ralph lauren ikat stripe twist bandeau one piece
lauren ralph lauren howley collection patsey clutch
lauren ralph lauren howley collection halee tasseled straw tote
lauren ralph lauren hooded zip lounger
lauren ralph lauren his shirt striped lawn sleepshirt
lauren ralph lauren his shirt paisley sleepshirt
lauren ralph lauren his shirt paisley sateen sleepshirt
lauren ralph lauren his shirt floral sateen sleepshirt
lauren ralph lauren his shirt floral lawn sleepshirt
lauren ralph lauren his shirt floral classic sleepshirt
lauren ralph lauren his shirt bandanna print classic sleepshirt
lauren ralph lauren high rise wide leg pant
lauren ralph lauren herringbone safari jacket
lauren ralph lauren henna criss cross banded jute espadrille wedge
lauren ralph lauren helaine leather banded ankle wrap tassel sandals
lauren ralph lauren headlines faux pearl drop earrings
lauren ralph lauren headlines cubic zirconia hexagon stud earrings
lauren ralph lauren haydn pumps
lauren ralph lauren harri city leather ankle strap sandals
lauren ralph lauren harlowe suede dress mules
lauren ralph lauren harlowe leather dress mules
lauren ralph lauren hammond knit pajamas
lauren ralph lauren halter dotted one piece
lauren ralph lauren halee tasseled tote
lauren ralph lauren goswell collection janice tasseled straw drawstring bag
lauren ralph lauren goswell collection hayden tasseled straw tote
lauren ralph lauren gingham shawl collar robe
lauren ralph lauren gingham jersey capri pajamas
lauren ralph lauren georgette tiered v neck dress
lauren ralph lauren georgette one shoulder top
lauren ralph lauren georgette off the shoulder top
lauren ralph lauren geometric print wrap dress
lauren ralph lauren geometric embroidered tank
lauren ralph lauren geometric lace sheath dress
lauren ralph lauren geometric lace dress
lauren ralph lauren frontal bar necklace
lauren ralph lauren front overlay crepe dress
lauren ralph lauren front zipper slit sleeveless paneled sheath dress
lauren ralph lauren flutter sleeve jersey dress
lauren ralph lauren flutter sleeve cotton shirt
lauren ralph lauren flounce sleeve jersey dress
lauren ralph lauren floral print sheath dress
lauren ralph lauren floral print midi shift dress
lauren ralph lauren floral print keyhole dress
lauren ralph lauren floral print crepe slip dress
lauren ralph lauren floral print crepe dress
lauren ralph lauren floral shift dress
lauren ralph lauren floral satin   lace pajamas
lauren ralph lauren floral sateen pajamas
lauren ralph lauren floral pajamas
lauren ralph lauren floral nightgown
lauren ralph lauren floral linen top
lauren ralph lauren floral lawn pajamas
lauren ralph lauren floral lace straight pant
lauren ralph lauren floral lace sheath dress
lauren ralph lauren floral lace dress
lauren ralph lauren floral jersey dress
lauren ralph lauren floral georgette dress
lauren ralph lauren floral crepe shift dress
lauren ralph lauren floral classic pajamas
lauren ralph lauren floral   lace satin chemise
lauren ralph lauren fish hook rope belt
lauren ralph lauren fiana leather buckle strap peep toe booties
lauren ralph lauren faux pearl studs earrings
lauren ralph lauren faux pearl necklace
lauren ralph lauren faux pearl   crystal y necklace
lauren ralph lauren faux leather trim stripe shift dress
lauren ralph lauren faux wrap jersey dress
lauren ralph lauren faustine leather banded ankle strap block heel sandals
lauren ralph lauren eyelet embroidered top
lauren ralph lauren eyelet off the shoulder top
lauren ralph lauren eyelet off the shoulder dress cover up
lauren ralph lauren eyelet dolman sleeve top
lauren ralph lauren engraved plaque pebbled belt
lauren ralph lauren embroidered tulle shift dress
lauren ralph lauren embroidered sheer tee
lauren ralph lauren elsie 3 4 sleeve surplus v neck dress
lauren ralph lauren eliza ruana cape
lauren ralph lauren elaine paisley   striped silk twill scarf
lauren ralph lauren easby collection eileen satchel
lauren ralph lauren easby collection eileen python embossed satchel
lauren ralph lauren easby collection cecilia snake embossed cross body bag
lauren ralph lauren easby collection cecilia cross body bag
lauren ralph lauren dryden collection mini card case
lauren ralph lauren dryden collection marcy colorblocked tote
lauren ralph lauren dryden collection ellen backpack
lauren ralph lauren dryden collection diana tote
lauren ralph lauren dryden collection compact wallet
lauren ralph lauren dorrington collection carissa hobo bag
lauren ralph lauren dorrington collection caden equestrian bucket bag
lauren ralph lauren dolman sleeve poplin shirt
lauren ralph lauren dobson collection floral barrel satchel
lauren ralph lauren ditsy floral jersey classic sleepshirt
lauren ralph lauren ditsy floral classic jersey capri pajamas
lauren ralph lauren disc drop earrings
lauren ralph lauren denim straight pant
lauren ralph lauren denim sleeveless shift dress
lauren ralph lauren denim shirt dress
lauren ralph lauren denim shift dress
lauren ralph lauren denim sheath dress
lauren ralph lauren denim point collar tunic
lauren ralph lauren denim button front utility shirt
lauren ralph lauren debby drawstring bag with pouch
lauren ralph lauren daphne anne beaded cold shoulder jersey dress
lauren ralph lauren damask print trapeze dress
lauren ralph lauren cutout shoulder jersey dress
lauren ralph lauren cutout back sleeveless gown
lauren ralph lauren cutout back crepe gown
lauren ralph lauren cutout stretch crepe gown
lauren ralph lauren cutout jersey dress
lauren ralph lauren cutout back crepe gown
lauren ralph lauren cubic zirconia earrings
lauren ralph lauren crosshatched leather belt
lauren ralph lauren crepe sleeve jersey top
lauren ralph lauren crepe long sleeve tunic
lauren ralph lauren crepe a line dress
lauren ralph lauren cotton silk off the shoulder top
lauren ralph lauren cotton blend dress
lauren ralph lauren cotton twill straight leg pants
lauren ralph lauren cotton twill lace up dress
lauren ralph lauren cotton twill jogger pant
lauren ralph lauren cotton sweater blazer
lauren ralph lauren cotton sleeveless shirt
lauren ralph lauren cotton silk voile shirt
lauren ralph lauren cotton poplin tunic
lauren ralph lauren cotton poplin shirt
lauren ralph lauren cotton off the shoulder top
lauren ralph lauren cotton fit and flare dress
lauren ralph lauren cotton farrah v neck dress cover up
lauren ralph lauren cotton eyelet skirt
lauren ralph lauren cotton camp shirt cover up
lauren ralph lauren color blocked ponte sheath dress
lauren ralph lauren collarless denim jacket
lauren ralph lauren cold shoulder floral trapeze dress
lauren ralph lauren cold shoulder knit jersey top
lauren ralph lauren classic striped piqu   sleepshirt
lauren ralph lauren classic striped jersey sleepshirt
lauren ralph lauren classic his shirt sleepshirt
lauren ralph lauren classic braided belt
lauren ralph lauren chelsie faux wrap floral printed jersey dress
lauren ralph lauren charleston tote
lauren ralph lauren charla espadrilles
lauren ralph lauren chambray shirt
lauren ralph lauren chambray off the shoulder top
lauren ralph lauren chain fringed hoop earrings
lauren ralph lauren chain collar necklace
lauren ralph lauren carrington leather belt
lauren ralph lauren carrington collection elise tote
lauren ralph lauren carrington collection brigitte tote
lauren ralph lauren carrington collection braelyn barrel satchel
lauren ralph lauren carrington collection bethany shopper
lauren ralph lauren carrington collection bethany colorblocked shopper
lauren ralph lauren carnivale paisley flyaway bandeau one piece
lauren ralph lauren carmen tasseled monogram stitched cross body bag
lauren ralph lauren cap sleeve sequined floral gown
lauren ralph lauren cap sleeve sequin lace gown
lauren ralph lauren cap sleeve lace gown
lauren ralph lauren cable terry wrap robe
lauren ralph lauren brylee cross body bag
lauren ralph lauren brushed terry sleep top
lauren ralph lauren brushed terry sleep shorts
lauren ralph lauren brigitte ii satchel
lauren ralph lauren bright   natural striped floppy sun hat
lauren ralph lauren braided stretch belt
lauren ralph lauren braid detail stretch belt
lauren ralph lauren bow belt
lauren ralph lauren boatneck pima cotton sleepshirt
lauren ralph lauren boat neck dolman sleeve keyhole back jersey dress
lauren ralph lauren boat neck dolman sleeve geometric print cotton blend sweater
lauren ralph lauren binetta two piece satin gown
lauren ralph lauren bethania waterproof rubber rain boots
lauren ralph lauren berdine driving moccasins
lauren ralph lauren berdine driver moccasins
lauren ralph lauren belted stretch cotton trench dress
lauren ralph lauren belle isle sculptural drop earrings
lauren ralph lauren bell sleeve jersey dress
lauren ralph lauren bell sleeve cropped crepe blouse
lauren ralph lauren belen leather slip on driving moccasins
lauren ralph lauren bel aire solid shirred bandeau one piece
lauren ralph lauren beach club solids shaping underwire tank one piece
lauren ralph lauren beach club solids knotted halter one piece
lauren ralph lauren beach club solid v neck ring one piece
lauren ralph lauren beach club solid v neck loop one piece
lauren ralph lauren beach club plunge neck skirted one piece
lauren ralph lauren barrett patent leather slip on loafers
lauren ralph lauren barrett leather slip on loafers
lauren ralph lauren bandanna print jersey sleepshirt
lauren ralph lauren bandanna kimono wrap robe
lauren ralph lauren bandanna jersey capri pajamas
lauren ralph lauren bandanna classic capri pajamas
lauren ralph lauren ball threader hoop earrings
lauren ralph lauren bainbridge nylon tote
lauren ralph lauren bainbridge nylon shopper
lauren ralph lauren bainbridge collection nylon stripe tote
lauren ralph lauren bainbridge collection floral nylon tote
lauren ralph lauren ashley tote
lauren ralph lauren ashfield collection amari tasseled laced saddle bag
lauren ralph lauren ashfield collection adaline tasseled laced satchel
lauren ralph lauren ashfield collection abree tasseled laced hobo bag
lauren ralph lauren anstey tasseled perforated dome satchel
lauren ralph lauren anstey collection tasseled monogram stitched dome satchel
lauren ralph lauren anais dotted silk twill oblong scarf
lauren ralph lauren all the small things double hoop earrings
lauren ralph lauren all the small things collar necklace
lauren ralph lauren all the small things bangle bracelet set
lauren ralph lauren alexandrea leather caged cork wedge sandals
lauren ralph lauren aleigh peep toe banded wedge sandals
lauren ralph lauren alayna wedge booties
lauren ralph lauren abbot leather pointed toe kitten heel pumps
lauren ralph lauren 6pm in new york tube station necklace
lauren ralph lauren 6pm in new york clip on hoop earrings
lauren ralph lauren 3 4 sleeve two toned jersey dress
lauren ralph lauren 10mm pearl earrings
lauren ralph lauren  double aaron double  wrinkle free shirt
lauren ralph lauren
lauren by ralph lauren
s ie utf8 node 2598722011 field lbr brands browse bin polo ralph lauren
ralph lauren
lauren ralph lauren
lauren ralph lauren
ralph lauren layette
ralph by ralph lauren slim fit striped wool suit
ralph by ralph lauren slim fit notch lapel tuxedo
ralph by ralph lauren classic fit solid wool suit
ralph by ralph lauren classic fit plaid sportcoat
ralph by ralph lauren athletic fit solid wool suit
ralph ralph lauren slim fit wool ten pocket travel sportcoat
ralph ralph lauren slim fit flat front woven dress pants
ralph ralph lauren slim fit flat front mini tic dress pants
ralph ralph lauren slim fit flat front check dress pants
ralph ralph lauren slim fit flat front sharkskin pattern dress pants
ralph ralph lauren slim fit flat front dress pants
ralph ralph lauren single breasted houndstooth sportcoat
ralph ralph lauren single breasted herringbone sportcoat
ralph ralph lauren pleated front check dress pants
ralph ralph lauren pleated windowpane plaid dress pants
ralph ralph lauren flat front tic print dress pants
ralph ralph lauren flat front solid dress pants
ralph ralph lauren flat front sharkskin dress pants
ralph ralph lauren flat front mini check dress pants
ralph ralph lauren flat front sharkskin pattern dress pants
ralph ralph lauren classic fit pleated herringbone dress pants
ralph ralph lauren classic fit flat front mini check dress pants
ralph ralph lauren classic fit windowpane sportcoat
ralph ralph lauren classic fit pleated dress pants
ralph ralph lauren
ralph lauren polo
ralph lauren childrenswearlittle boys 2t 7 striped polo shirt
ralph lauren childrenswear striped blanket
ralph lauren childrenswear striped beanie hat
ralph lauren childrenswear rugby stripe blanket
ralph lauren childrenswear reversible printed receiving blanket
ralph lauren childrenswear newborn striped kimono set
ralph lauren childrenswear newborn striped gown
ralph lauren childrenswear newborn printed kimono set
ralph lauren childrenswear little girls 5 6x skinny chino pants
ralph lauren childrenswear little girls 4 6x splatter print french terry fleece dress
ralph lauren childrenswear little girls 4 6x nautical stripe shirtdress
ralph lauren childrenswear little girls 4 6x lace up denim dress
ralph lauren childrenswear little girls 4 6x lace trimmed voile skirt
ralph lauren childrenswear little girls 4 6x floral print tiered dress
ralph lauren childrenswear little girls 4 6x floral eyelet button front dress
ralph lauren childrenswear little girls 4 6x floral crinkled skirt
ralph lauren childrenswear little girls 2t 6x wide stripe cutout back dress
ralph lauren childrenswear little girls 2t 6x washed chino shorts
ralph lauren childrenswear little girls 2t 6x vintage inspired floral poplin dress
ralph lauren childrenswear little girls 2t 6x vintage daisy print shorts
ralph lauren childrenswear little girls 2t 6x tiered skirt
ralph lauren childrenswear little girls 2t 6x tie dye open back tank dress
ralph lauren childrenswear little girls 2t 6x tee
ralph lauren childrenswear little girls 2t 6x tank top
ralph lauren childrenswear little girls 2t 6x striped sleeveless ruffled polo dress
ralph lauren childrenswear little girls 2t 6x striped short sleeve jersey tee
ralph lauren childrenswear little girls 2t 6x striped ponte dress
ralph lauren childrenswear little girls 2t 6x striped jersey t shirt dress
ralph lauren childrenswear little girls 2t 6x striped eyelet hem shirtdress
ralph lauren childrenswear little girls 2t 6x stretch mesh short sleeve polo shirt
ralph lauren childrenswear little girls 2t 6x star print denim shorts
ralph lauren childrenswear little girls 2t 6x solid mesh polo shirt
ralph lauren childrenswear little girls 2t 6x solid jersey dress
ralph lauren childrenswear little girls 2t 6x solid bermuda shorts
ralph lauren childrenswear little girls 2t 6x smocked waist gauze shorts
ralph lauren childrenswear little girls 2t 6x smocked gauzy pom pom trim boho top
ralph lauren childrenswear little girls 2t 6x smocked floral embroidered shorts
ralph lauren childrenswear little girls 2t 6x sleeveless racerback polo shirt
ralph lauren childrenswear little girls 2t 6x skinny chino pants
ralph lauren childrenswear little girls 2t 6x short sleeve v neck tee
ralph lauren childrenswear little girls 2t 6x shawl collar diamond quilted jacket
ralph lauren childrenswear little girls 2t 6x seersucker stripe dress
ralph lauren childrenswear little girls 2t 6x scoopneck top
ralph lauren childrenswear little girls 2t 6x scalloped trim cardigan
ralph lauren childrenswear little girls 2t 6x scalloped lace trimmed floral embroidered dress
ralph lauren childrenswear little girls 2t 6x scalloped lace hem culotte pants
ralph lauren childrenswear little girls 2t 6x ruffled hem cardigan
ralph lauren childrenswear little girls 2t 6x ruffle trimmed top
ralph lauren childrenswear little girls 2t 6x ruffle neck off the shoulder chambray shirt
ralph lauren childrenswear little girls 2t 6x pima cotton blend short sleve crewneck tee
ralph lauren childrenswear little girls 2t 6x pima cotton blend short sleeve v neck tee
ralph lauren childrenswear little girls 2t 6x parisian inspired high low graphic tee
ralph lauren childrenswear little girls 2t 6x paisley printed off the shoulder top
ralph lauren childrenswear little girls 2t 6x paisley printed off the shoulder dress
ralph lauren childrenswear little girls 2t 6x paint splatter denim cut off shorts
ralph lauren childrenswear little girls 2t 6x off the shoulder eyelet ruffle batiste dress
ralph lauren childrenswear little girls 2t 6x off the shoulder lace trim chambray dress
ralph lauren childrenswear little girls 2t 6x mesh romper
ralph lauren childrenswear little girls 2t 6x mesh polo shirt
ralph lauren childrenswear little girls 2t 6x long sleeve oxford shirt
ralph lauren childrenswear little girls 2t 6x lace trimmed tank top
ralph lauren childrenswear little girls 2t 6x lace trimmed flutter sleeve dress
ralph lauren childrenswear little girls 2t 6x graphic short sleeve tee
ralph lauren childrenswear little girls 2t 6x gauze dress
ralph lauren childrenswear little girls 2t 6x flutter sleeve top
ralph lauren childrenswear little girls 2t 6x flutter sleeve embroidered eyelet dress
ralph lauren childrenswear little girls 2t 6x floral print twill dress
ralph lauren childrenswear little girls 2t 6x floral print skirt
ralph lauren childrenswear little girls 2t 6x floral print short sleeve smocked top
ralph lauren childrenswear little girls 2t 6x floral print leggings
ralph lauren childrenswear little girls 2t 6x floral halter dress
ralph lauren childrenswear little girls 2t 6x floral dress
ralph lauren childrenswear little girls 2t 6x fit and flare crisscross back dress
ralph lauren childrenswear little girls 2t 6x fit and flare windowpane plaid dress
ralph lauren childrenswear little girls 2t 6x eyelet trimmed leggings
ralph lauren childrenswear little girls 2t 6x distressed denim cutoff shorts
ralph lauren childrenswear little girls 2t 6x dip dyed ombr   long sleeve tee
ralph lauren childrenswear little girls 2t 6x dip dyed ombr   linen shorts
ralph lauren childrenswear little girls 2t 6x dip dyed ombr   linen dress
ralph lauren childrenswear little girls 2t 6x denim belted shirt dress
ralph lauren childrenswear little girls 2t 6x cuffed shorts
ralph lauren childrenswear little girls 2t 6x crewneck tee
ralph lauren childrenswear little girls 2t 6x chino shorts
ralph lauren childrenswear little girls 2t 6x cardigan sweater
ralph lauren childrenswear little girls 2t 6x button front shirtdress
ralph lauren childrenswear little girls 2t 6x button front belted shirt dress
ralph lauren childrenswear little girls 2t 6x bohemian inspired embroidered romper
ralph lauren childrenswear little girls 2t 6x big pony stretch mesh ruffled dress
ralph lauren childrenswear little girls 2t 6x big pony short sleeve mesh polo shirt
ralph lauren childrenswear little girls 2t 6x bengal striped woven top
ralph lauren childrenswear little girls 2t 6x bengal striped tiered dress
ralph lauren childrenswear little girls 2t 6x bengal stripe skort
ralph lauren childrenswear little girls 2t 6x bengal stripe shirtdress
ralph lauren childrenswear little girls 2t 6x bengal stripe off the shoulder top
ralph lauren childrenswear little boys preppy baseball cap
ralph lauren childrenswear little boys classic sports cap
ralph lauren childrenswear little boys 8 20 iconic short sleeve stretch oxford shirt
ralph lauren childrenswear little boys 5 7 vintage short sleeve tee
ralph lauren childrenswear little boys 5 7 striped slub jersey short sleeve tee
ralph lauren childrenswear little boys 5 7 striped short sleeve polo shirt
ralph lauren childrenswear little boys 5 7 striped nautical short sleeve tee
ralph lauren childrenswear little boys 5 7 striped nautical short sleeve graphic tee
ralph lauren childrenswear little boys 5 7 striped long sleeve poplin shirt
ralph lauren childrenswear little boys 5 7 striped henley tee
ralph lauren childrenswear little boys 5 7 short sleeve twill shirt
ralph lauren childrenswear little boys 5 7 pull on tropical floral poplin shorts
ralph lauren childrenswear little boys 5 7 plaid long sleeve poplin shirt
ralph lauren childrenswear little boys 5 7 modern fit stretch twill shorts
ralph lauren childrenswear little boys 5 7 graphic knit jersey short sleeve tee
ralph lauren childrenswear little boys 4 7 tie dyed jersey nautical graphic tee
ralph lauren childrenswear little boys 4 7 surfing inspired tie dye graphic short sleeve tee
ralph lauren childrenswear little boys 4 7 solid long sleeve oxford shirt
ralph lauren childrenswear little boys 4 7 military inspired short sleeve tee
ralph lauren childrenswear little boys 4 7 knit denim shorts
ralph lauren childrenswear little boys 4 7 graphic short sleeve tee
ralph lauren childrenswear little boys 4 7 chambray short sleeve shirt
ralph lauren childrenswear little boys 4 7 camouflage printed short sleeve polo shirt
ralph lauren childrenswear little boys 2t 7 wide stripe short sleeve polo shirt
ralph lauren childrenswear little boys 2t 7 wide stripe knit tee
ralph lauren childrenswear little boys 2t 7 weathered mesh short sleeve polo shirt
ralph lauren childrenswear little boys 2t 7 twill sport shorts
ralph lauren childrenswear little boys 2t 7 twill shorts
ralph lauren childrenswear little boys 2t 7 sufflied shorts
ralph lauren childrenswear little boys 2t 7 suffield chino pants
ralph lauren childrenswear little boys 2t 7 suffield belted twill shorts
ralph lauren childrenswear little boys 2t 7 striped stretch lisle short sleeve polo shirt
ralph lauren childrenswear little boys 2t 7 striped slub jersey short sleeve polo shirt
ralph lauren childrenswear little boys 2t 7 striped slub jersey short sleeve henley tee
ralph lauren childrenswear little boys 2t 7 striped shorts
ralph lauren childrenswear little boys 2t 7 striped short sleeve tee
ralph lauren childrenswear little boys 2t 7 striped short sleeve slub jersey tee
ralph lauren childrenswear little boys 2t 7 striped short sleeve shirt
ralph lauren childrenswear little boys 2t 7 striped short sleeve polo shirt
ralph lauren childrenswear little boys 2t 7 striped short sleeve linen blend shirt
ralph lauren childrenswear little boys 2t 7 striped short sleeve knit jersey tee
ralph lauren childrenswear little boys 2t 7 striped short sleeve polo shirt
ralph lauren childrenswear little boys 2t 7 striped pocket jersey tee
ralph lauren childrenswear little boys 2t 7 striped performance stretch knit short sleeve polo shirt
ralph lauren childrenswear little boys 2t 7 striped oxford shirt
ralph lauren childrenswear little boys 2t 7 striped lightweight slub jersey short sleeve polo shirt
ralph lauren childrenswear little boys 2t 7 striped crewneck tee
ralph lauren childrenswear little boys 2t 7 straight fit seersucker shorts
ralph lauren childrenswear little boys 2t 7 solid short sleeve tee
ralph lauren childrenswear little boys 2t 7 solid heathered short sleeve tee
ralph lauren childrenswear little boys 2t 7 slim fit jeans
ralph lauren childrenswear little boys 2t 7 slim fit denim jeans
ralph lauren childrenswear little boys 2t 7 slim fit jeans
ralph lauren childrenswear little boys 2t 7 short sleeve v neck jersey knit tee
ralph lauren childrenswear little boys 2t 7 short sleeve solid mesh polo shirt
ralph lauren childrenswear little boys 2t 7 short sleeve crew neck jersey tee
ralph lauren childrenswear little boys 2t 7 short sleeve big pony solid mesh polo shirt
ralph lauren childrenswear little boys 2t 7 shark graphic short sleeve tee
ralph lauren childrenswear little boys 2t 7 rolled cuff twill shorts
ralph lauren childrenswear little boys 2t 7 ripstop utility shorts
ralph lauren childrenswear little boys 2t 7 pull on poplin parachute shorts
ralph lauren childrenswear little boys 2t 7 pull on pants
ralph lauren childrenswear little boys 2t 7 prospect chino shorts
ralph lauren childrenswear little boys 2t 7 plaid twill shirt
ralph lauren childrenswear little boys 2t 7 plaid short sleeve poplin shirt
ralph lauren childrenswear little boys 2t 7 plaid long sleeve woven shirt
ralph lauren childrenswear little boys 2t 7 plaid long sleeve poplin shirt
ralph lauren childrenswear little boys 2t 7 patchwork shorts
ralph lauren childrenswear little boys 2t 7 oxford shirt
ralph lauren childrenswear little boys 2t 7 nautical striped short sleeve polo shirt
ralph lauren childrenswear little boys 2t 7 nautical striped pocketed short sleeve color block slub jersey tee
ralph lauren childrenswear little boys 2t 7 nautical jersey tee
ralph lauren childrenswear little boys 2t 7 nautical graphic short sleeve tee
ralph lauren childrenswear little boys 2t 7 madras plaid short sleeve shirt
ralph lauren childrenswear little boys 2t 7 madras plaid short sleeve poplin shirt
ralph lauren childrenswear little boys 2t 7 madras plaid short sleeve shirt
ralph lauren childrenswear little boys 2t 7 madras plaid short sleeve oxford shirt
ralph lauren childrenswear little boys 2t 7 iconic short sleeve stretch oxford shirt
ralph lauren childrenswear little boys 2t 7 graphic short sleeve tee
ralph lauren childrenswear little boys 2t 7 gingham checked short sleeve poplin shirt
ralph lauren childrenswear little boys 2t 7 gellar shorts
ralph lauren childrenswear little boys 2t 7 dip dyed short sleeve mesh polo shirt
ralph lauren childrenswear little boys 2t 7 color block raglan sleeve knit tee
ralph lauren childrenswear little boys 2t 7 color block pieced short sleeve knit tee
ralph lauren childrenswear little boys 2t 7 classic v neck short sleeve tee
ralph lauren childrenswear little boys 2t 7 classic mesh polo shirt
ralph lauren childrenswear little boys 2t 7 chino tailored pants
ralph lauren childrenswear little boys 2t 7 checked short sleeve oxford shirt
ralph lauren childrenswear little boys 2t 7 checked poplin shirt
ralph lauren childrenswear little boys 2t 7 canvas jogger pants
ralph lauren childrenswear little boys 2t 7 camouflage printed short sleeve polo shirt
ralph lauren childrenswear little boys 2t 7 bold stripe short sleeve polo shirt
ralph lauren childrenswear little boys 2t 7 big pony short sleeve tee
ralph lauren childrenswear little boys 2t 7 basic crewneck tee
ralph lauren childrenswear little boys 2t 7 baker slim fit jeans
ralph lauren childrenswear little boys 2t 7 atlantic french terry shorts
ralph lauren childrenswear little boys 2t 7 americana raglan sleeve tee
ralph lauren childrenswear little boys 2t 7 americana graphic short sleeve knit tee
ralph lauren childrenswear little boys 2t 7 americana flag short sleeve tee
ralph lauren childrenswear little boys 2t 7 americana dip dyed short sleeve mesh polo shirt
ralph lauren childrenswear little boys 2t 7 americana color block short sleeve polo shirt
ralph lauren childrenswear little boys 2t 7 americana color block mesh short sleeve polo shirt
ralph lauren childrenswear little boys 2t 7 americana chino baseball cap
ralph lauren childrenswear little boys 2t 7 americana big pony short sleeve tee
ralph lauren childrenswear infant leggings
ralph lauren childrenswear big girls 7 16 windowpane plaid shirred fit and flare dress
ralph lauren childrenswear big girls 7 16 wide striped cutout back dress
ralph lauren childrenswear big girls 7 16 weekender denim shorts
ralph lauren childrenswear big girls 7 16 washed cotton chino shorts
ralph lauren childrenswear big girls 7 16 vintage inspired floral print dress
ralph lauren childrenswear big girls 7 16 vintage daisy print pull on shorts
ralph lauren childrenswear big girls 7 16 tonal print smocked gauze shorts
ralph lauren childrenswear big girls 7 16 tiered ruffled skirt
ralph lauren childrenswear big girls 7 16 tie dye maxi dress
ralph lauren childrenswear big girls 7 16 striped t shirt dress
ralph lauren childrenswear big girls 7 16 striped short sleeve tee
ralph lauren childrenswear big girls 7 16 striped seersucker dress
ralph lauren childrenswear big girls 7 16 striped ponte pleated fit and flare dress
ralph lauren childrenswear big girls 7 16 striped long sleeve ponte dress
ralph lauren childrenswear big girls 7 16 striped eyelet hem dress
ralph lauren childrenswear big girls 7 16 stretch ponte skirt
ralph lauren childrenswear big girls 7 16 stretch mesh short sleeve polo shirt
ralph lauren childrenswear big girls 7 16 stretch cotton polo romper
ralph lauren childrenswear big girls 7 16 star print denim shorts
ralph lauren childrenswear big girls 7 16 solid stretch sleeveless polo shirt
ralph lauren childrenswear big girls 7 16 solid short sleeve mesh polo shirt
ralph lauren childrenswear big girls 7 16 solid bermuda shorts
ralph lauren childrenswear big girls 7 16 smocked gauze pom pom trim top with camisole
ralph lauren childrenswear big girls 7 16 slightly cropped culotte pants
ralph lauren childrenswear big girls 7 16 sleeveless floral printed dress
ralph lauren childrenswear big girls 7 16 skinny chino pants
ralph lauren childrenswear big girls 7 16 short sleeve v neck tee
ralph lauren childrenswear big girls 7 16 short sleeve v neck pima cotton blend tee
ralph lauren childrenswear big girls 7 16 scoopneck tee
ralph lauren childrenswear big girls 7 16 ruffled off the shoulder lace trim top
ralph lauren childrenswear big girls 7 16 ruffled eyelet trimmed neck flared skirted batiste dress
ralph lauren childrenswear big girls 7 16 ruffled eyelet sleeve top
ralph lauren childrenswear big girls 7 16 ruffle trimmed top
ralph lauren childrenswear big girls 7 16 polo patch short sleeve jersey tee
ralph lauren childrenswear big girls 7 16 pointelle knit shrug
ralph lauren childrenswear big girls 7 16 plaid poplin popover top
ralph lauren childrenswear big girls 7 16 pima cotton blend jersey tee
ralph lauren childrenswear big girls 7 16 pima cotton blend crewneck tee
ralph lauren childrenswear big girls 7 16 peplum hem cardigan
ralph lauren childrenswear big girls 7 16 patch pocket jeggings
ralph lauren childrenswear big girls 7 16 parisian inspired long sleeve graphic tee
ralph lauren childrenswear big girls 7 16 parisian inspired graphic short sleeve tee
ralph lauren childrenswear big girls 7 16 paisley printed off the shoulder flounce yoke long dress
ralph lauren childrenswear big girls 7 16 paint splatter designed cutoff hem denim shorts
ralph lauren childrenswear big girls 7 16 oxford shirt
ralph lauren childrenswear big girls 7 16 oxford button down shirt
ralph lauren childrenswear big girls 7 16 overlapping halter neck dress
ralph lauren childrenswear big girls 7 16 open knit cable pattern linen hooded sweater
ralph lauren childrenswear big girls 7 16 off the shoulder paisley printed top
ralph lauren childrenswear big girls 7 16 long sleeve oxford shirt
ralph lauren childrenswear big girls 7 16 lace trimmed tank top
ralph lauren childrenswear big girls 7 16 lace trimmed striped racerback polo dress
ralph lauren childrenswear big girls 7 16 lace trimmed off the shoulder chambray top
ralph lauren childrenswear big girls 7 16 lace trimmed gauze dress
ralph lauren childrenswear big girls 7 16 lace trimmed chambray dress
ralph lauren childrenswear big girls 7 16 heritage inspired tank top
ralph lauren childrenswear big girls 7 16 gingham checked sleeveless dress
ralph lauren childrenswear big girls 7 16 flounce jersey dress
ralph lauren childrenswear big girls 7 16 floral printed swing skirt
ralph lauren childrenswear big girls 7 16 floral printed leggings
ralph lauren childrenswear big girls 7 16 floral print smocked top
ralph lauren childrenswear big girls 7 16 floral print skater dress
ralph lauren childrenswear big girls 7 16 floral embroidered top
ralph lauren childrenswear big girls 7 16 floral embroidered smocked waist shorts
ralph lauren childrenswear big girls 7 16 fit and flare pointelle knit dress
ralph lauren childrenswear big girls 7 16 feeder stripe cropped leggings
ralph lauren childrenswear big girls 7 16 eyelet scalloped hem leggings
ralph lauren childrenswear big girls 7 16 eyelet embroidered peplum top
ralph lauren childrenswear big girls 7 16 eyelet flutter sleeve dress
ralph lauren childrenswear big girls 7 16 embroidered romper
ralph lauren childrenswear big girls 7 16 drapey jersey dress
ralph lauren childrenswear big girls 7 16 distressed cutoff denim shorts
ralph lauren childrenswear big girls 7 16 dip dyed sleeveless linen shirtdress
ralph lauren childrenswear big girls 7 16 dip dyed ombr   pattern linen shirt
ralph lauren childrenswear big girls 7 16 dip dyed linen shorts
ralph lauren childrenswear big girls 7 16 denim belted shirt dress
ralph lauren childrenswear big girls 7 16 cropped eyelet hem pants
ralph lauren childrenswear big girls 7 16 chino shorts
ralph lauren childrenswear big girls 7 16 button front shirt dress
ralph lauren childrenswear big girls 7 16 button front belted shirt dress
ralph lauren childrenswear big girls 7 16 bold stripe button detail tee
ralph lauren childrenswear big girls 7 16 big pony stretch polo dress
ralph lauren childrenswear big girls 7 16 big pony short sleeve mesh polo shirt
ralph lauren childrenswear big girls 7 16 bengal striped off the shoulder top
ralph lauren childrenswear big girls 7 16 bengal striped off the shoulder woven top
ralph lauren childrenswear big girls 7 16 bengal striped belted fit and flare shirtdress
ralph lauren childrenswear big girls 7 16 bengal stripe skort
ralph lauren childrenswear big boys 8 20 wide stripe short sleeve tee
ralph lauren childrenswear big boys 8 20 wide stripe short sleeve polo shirt
ralph lauren childrenswear big boys 8 20 western inspired short sleeve shirt
ralph lauren childrenswear big boys 8 20 western chambray shirt
ralph lauren childrenswear big boys 8 20 weathered mesh short sleeve polo shirt
ralph lauren childrenswear big boys 8 20 vintage graphic short sleeve tee
ralph lauren childrenswear big boys 8 20 v neck tee
ralph lauren childrenswear big boys 8 20 twill jogger pants
ralph lauren childrenswear big boys 8 20 tropical printed pull on shorts
ralph lauren childrenswear big boys 8 20 traveler plaid swim trunks
ralph lauren childrenswear big boys 8 20 traveler lightweight seersucker swim trunks
ralph lauren childrenswear big boys 8 20 tie dye graphic tee
ralph lauren childrenswear big boys 8 20 sufflied shorts
ralph lauren childrenswear big boys 8 20 suffield chino pants
ralph lauren childrenswear big boys 8 20 suffield belted twill shorts
ralph lauren childrenswear big boys 8 20 striped waffle knit henley tee
ralph lauren childrenswear big boys 8 20 striped short sleeve waffle knit henley tee
ralph lauren childrenswear big boys 8 20 striped short sleeve textured jersey tee
ralph lauren childrenswear big boys 8 20 striped short sleeve tee
ralph lauren childrenswear big boys 8 20 striped short sleeve shirt
ralph lauren childrenswear big boys 8 20 striped short sleeve polo shirt
ralph lauren childrenswear big boys 8 20 striped short sleeve mesh polo shirt
ralph lauren childrenswear big boys 8 20 striped short sleeve linen blend shirt
ralph lauren childrenswear big boys 8 20 striped short sleeve knit polo shirt
ralph lauren childrenswear big boys 8 20 striped short sleeve jersey tee
ralph lauren childrenswear big boys 8 20 striped short sleeve jersey polo shirt
ralph lauren childrenswear big boys 8 20 striped short sleeve henley tee
ralph lauren childrenswear big boys 8 20 striped performance short sleeve polo shirt
ralph lauren childrenswear big boys 8 20 striped oxford shirt
ralph lauren childrenswear big boys 8 20 striped nautical short sleeve tee
ralph lauren childrenswear big boys 8 20 striped long sleeve poplin shirt
ralph lauren childrenswear big boys 8 20 striped crewneck tee
ralph lauren childrenswear big boys 8 20 stretch twill shorts
ralph lauren childrenswear big boys 8 20 stretch mesh pieced color block polo shirt
ralph lauren childrenswear big boys 8 20 straight fit seersucker shorts
ralph lauren childrenswear big boys 8 20 solid striped nautical short sleeve tee
ralph lauren childrenswear big boys 8 20 solid short sleeve twill shirt
ralph lauren childrenswear big boys 8 20 solid short sleeve tee
ralph lauren childrenswear big boys 8 20 solid short sleeve polo shirt
ralph lauren childrenswear big boys 8 20 solid short sleeve mesh polo shirt
ralph lauren childrenswear big boys 8 20 solid short sleeve jersey tee
ralph lauren childrenswear big boys 8 20 solid polo shirt
ralph lauren childrenswear big boys 8 20 solid classic swim shorts
ralph lauren childrenswear big boys 8 20 slim fit jeans
ralph lauren childrenswear big boys 8 20 slim fit denim jeans
ralph lauren childrenswear big boys 8 20 slim fit jeans
ralph lauren childrenswear big boys 8 20 skinny fit five pocket jeans
ralph lauren childrenswear big boys 8 20 short sleeve v neck tee
ralph lauren childrenswear big boys 8 20 short sleeve striped polo shirt
ralph lauren childrenswear big boys 8 20 short sleeve ribbed polo shirt
ralph lauren childrenswear big boys 8 20 short sleeve poplin shirt
ralph lauren childrenswear big boys 8 20 short sleeve mesh polo shirt
ralph lauren childrenswear big boys 8 20 short sleeve graphic tee
ralph lauren childrenswear big boys 8 20 shark printed swim trunks
ralph lauren childrenswear big boys 8 20 rugby stripe mesh polo shirt
ralph lauren childrenswear big boys 8 20 rolled cuff twill shorts
ralph lauren childrenswear big boys 8 20 rolled cuff denim shorts
ralph lauren childrenswear big boys 8 20 ripstop utility shorts
ralph lauren childrenswear big boys 8 20 relaxed fit shorts
ralph lauren childrenswear big boys 8 20 pull on poplin parachute shorts
ralph lauren childrenswear big boys 8 20 pull on pants
ralph lauren childrenswear big boys 8 20 prospect chino shorts
ralph lauren childrenswear big boys 8 20 plaid slub linen blend shirt
ralph lauren childrenswear big boys 8 20 plaid short sleeve poplin shirt
ralph lauren childrenswear big boys 8 20 plaid long sleeve poplin shirt
ralph lauren childrenswear big boys 8 20 pieced tech active shorts
ralph lauren childrenswear big boys 8 20 pieced short sleeve tee
ralph lauren childrenswear big boys 8 20 pieced short sleeve knit tee
ralph lauren childrenswear big boys 8 20 patchwork shorts
ralph lauren childrenswear big boys 8 20 patch pocket v neck jersey tee
ralph lauren childrenswear big boys 8 20 oxford shirt
ralph lauren childrenswear big boys 8 20 nautical graphic tee
ralph lauren childrenswear big boys 8 20 modern fit skinny jeans
ralph lauren childrenswear big boys 8 20 military inspired graphic short sleeve tee
ralph lauren childrenswear big boys 8 20 madras plaid short sleeve woven shirt
ralph lauren childrenswear big boys 8 20 madras plaid short sleeve shirt
ralph lauren childrenswear big boys 8 20 madras plaid long sleeve shirt
ralph lauren childrenswear big boys 8 20 madras plaid shirt
ralph lauren childrenswear big boys 8 20 kailua striped swim trunks
ralph lauren childrenswear big boys 8 20 kailua striped classic swim trunks
ralph lauren childrenswear big boys 8 20 graphic short sleeve tee
ralph lauren childrenswear big boys 8 20 graphic camo print short sleeve tee
ralph lauren childrenswear big boys 8 20 gingham striped patchwork poplin shirt
ralph lauren childrenswear big boys 8 20 gellar shorts
ralph lauren childrenswear big boys 8 20 frayed hem knit denim shorts
ralph lauren childrenswear big boys 8 20 dip dyed polo shirt
ralph lauren childrenswear big boys 8 20 dip dyed ombre short sleeve polo shirt
ralph lauren childrenswear big boys 8 20 cutoff distressed denim shorts
ralph lauren childrenswear big boys 8 20 crewneck tee
ralph lauren childrenswear big boys 8 20 color block striped pocketed short sleeve tee
ralph lauren childrenswear big boys 8 20 color block stripe short sleeve tee
ralph lauren childrenswear big boys 8 20 color block stripe short sleeve henley tee
ralph lauren childrenswear big boys 8 20 color block raglan sleeve tee
ralph lauren childrenswear big boys 8 20 checked short sleeve stretch oxford shirt
ralph lauren childrenswear big boys 8 20 checked poplin shirt
ralph lauren childrenswear big boys 8 20 canvas jogger pants
ralph lauren childrenswear big boys 8 20 camouflage printed short sleeve polo shirt
ralph lauren childrenswear big boys 8 20 camouflage print shorts
ralph lauren childrenswear big boys 8 20 bold stripe short sleeve polo shirt
ralph lauren childrenswear big boys 8 20 big pony tee
ralph lauren childrenswear big boys 8 20 basic crewneck tee
ralph lauren childrenswear big boys 8 20 banner stripe short sleeve polo shirt
ralph lauren childrenswear big boys 8 20 baker slim fit jeans
ralph lauren childrenswear big boys 8 20 atlantic terry shorts
ralph lauren childrenswear big boys 8 20 americana short sleeve graphic tee
ralph lauren childrenswear big boys 8 20 americana raglan sleeve tee
ralph lauren childrenswear big boys 8 20 americana graphic short sleeve tee
ralph lauren childrenswear big boys 8 20 americana flag short sleeve tee
ralph lauren childrenswear big boys 8 20 americana dip dyed short sleeve mesh polo shirt
ralph lauren childrenswear big boys 8 20 americana color block short sleeve polo shirt
ralph lauren childrenswear big boys 8 20 americana color block polo shirt
ralph lauren childrenswear big boys 8 20 americana chino baseball cap
ralph lauren childrenswear big boys 8 20 americana big pony short sleeve tee
ralph lauren childrenswear big boys 8 20 5 pocket frayed hem cutoff denim shorts
ralph lauren childrenswear baby girls newborn 9 months striped footed coveralls
ralph lauren childrenswear baby girls newborn 9 months floral trim coverall
ralph lauren childrenswear baby girls newborn 12 months schiffli embroidered coveralls
ralph lauren childrenswear baby girls newborn 12 months ruffle trimmed coverall
ralph lauren childrenswear baby girls newborn printed bodysuits 2 pack
ralph lauren childrenswear baby girls newborn kimono set
ralph lauren childrenswear baby girls newborn floral printed gown
ralph lauren childrenswear baby girls cardigan sweater
ralph lauren childrenswear baby girls 3 24 months vintage floral shorts
ralph lauren childrenswear baby girls 3 24 months tiered jersey tank top
ralph lauren childrenswear baby girls 3 24 months tie dyed polo dress
ralph lauren childrenswear baby girls 3 24 months striped t shirt dress
ralph lauren childrenswear baby girls 3 24 months striped mesh lace trim polo dress
ralph lauren childrenswear baby girls 3 24 months striped flutter sleeve tee
ralph lauren childrenswear baby girls 3 24 months star printed drop waist dress
ralph lauren childrenswear baby girls 3 24 months solid top   floral printed leggings set
ralph lauren childrenswear baby girls 3 24 months solid ponte fit and flare dress
ralph lauren childrenswear baby girls 3 24 months schiffli embroidered dress
ralph lauren childrenswear baby girls 3 24 months ruffled tie dye romper
ralph lauren childrenswear baby girls 3 24 months ruffled pintucked top
ralph lauren childrenswear baby girls 3 24 months ruffled cupcake dress
ralph lauren childrenswear baby girls 3 24 months ruffle gingham dress
ralph lauren childrenswear baby girls 3 24 months pleated woven dress
ralph lauren childrenswear baby girls 3 24 months patchwork dress
ralph lauren childrenswear baby girls 3 24 months nautical stripe dress
ralph lauren childrenswear baby girls 3 24 months nautical inspired striped hem dress
ralph lauren childrenswear baby girls 3 24 months nautical striped flutter short sleeve tee
ralph lauren childrenswear baby girls 3 24 months nautical striped fit and flare dress
ralph lauren childrenswear baby girls 3 24 months nautical anchor embroidered striped seersucker dress
ralph lauren childrenswear baby girls 3 24 months mixed nautical stripe swing tank   bloomer set
ralph lauren childrenswear baby girls 3 24 months mesh polo dress
ralph lauren childrenswear baby girls 3 24 months madras plaid romper
ralph lauren childrenswear baby girls 3 24 months madras plaid patchwork dress
ralph lauren childrenswear baby girls 3 24 months madras plaid top   bloomer set
ralph lauren childrenswear baby girls 3 24 months lightweight cotton eyelet ruffled romper
ralph lauren childrenswear baby girls 3 24 months hooded top   printed leggings set
ralph lauren childrenswear baby girls 3 24 months heritage inspired flutter sleeve tee
ralph lauren childrenswear baby girls 3 24 months gingham romper
ralph lauren childrenswear baby girls 3 24 months full zip hoodie   pull on pant set
ralph lauren childrenswear baby girls 3 24 months flutter sleeve tee
ralph lauren childrenswear baby girls 3 24 months floral printed romper
ralph lauren childrenswear baby girls 3 24 months floral print top   shorts set
ralph lauren childrenswear baby girls 3 24 months floral print shortall
ralph lauren childrenswear baby girls 3 24 months floral ruffle flounce romper
ralph lauren childrenswear baby girls 3 24 months floral dress
ralph lauren childrenswear baby girls 3 24 months eyelet embroidered top
ralph lauren childrenswear baby girls 3 24 months embroidered romper
ralph lauren childrenswear baby girls 3 24 months embroidered jersey top   anchor embroidered striped shorts set
ralph lauren childrenswear baby girls 3 24 months dip dye linen dress   bloomer set
ralph lauren childrenswear baby girls 3 24 months chino shorts
ralph lauren childrenswear baby girls 3 24 months chambray top   floral printed leggings set
ralph lauren childrenswear baby girls 3 24 months chambray fit and flare dress
ralph lauren childrenswear baby girls 3 24 months chambray bloomer
ralph lauren childrenswear baby girls 3 24 months bengal striped oxford dress
ralph lauren childrenswear baby girls 3 24 months bengal stripe dress
ralph lauren childrenswear baby girls 3 24 months belted romper
ralph lauren childrenswear baby girls 3 24 months anchor printed peplum skirted romper
ralph lauren childrenswear baby girls 3 24 months americana top   star printed shorts set
ralph lauren childrenswear baby girls 3 24 months americana striped peplum skirted romper
ralph lauren childrenswear baby girls 3 12 months wrap coveralls
ralph lauren childrenswear baby girls 3 12 months striped flutter sleeve bodysuit
ralph lauren childrenswear baby girls 3 12 months short sleeve bodysuit
ralph lauren childrenswear baby boys newborn 9 months solid kimono set
ralph lauren childrenswear baby boys newborn 12 months schiffli embroidered coverall
ralph lauren childrenswear baby boys newborn printed bodysuits 2 pack
ralph lauren childrenswear baby boys newborn bear printed footed coverall
ralph lauren childrenswear baby boys basic tee
ralph lauren childrenswear baby boys 9 24 months oxford shirt
ralph lauren childrenswear baby boys 9 24 months madras plaid short sleeve shirt
ralph lauren childrenswear baby boys 9 24 months madras plaid short sleeve shirt
ralph lauren childrenswear baby boys 9 24 months infant striped oxford shirt
ralph lauren childrenswear baby boys 9 24 months infant slim fit denim jeans
ralph lauren childrenswear baby boys 9 24 months infant  double suffield double  chino pants
ralph lauren childrenswear baby boys 6 24 months solid short sleeve twill shirt
ralph lauren childrenswear baby boys 6 24 months printed short sleeve linen blend shirt
ralph lauren childrenswear baby boys 6 24 months madras plaid short sleeve shirt
ralph lauren childrenswear baby boys 6 24 months gingham checked short sleeve poplin shirt
ralph lauren childrenswear baby boys 3 9 months striped kimono set
ralph lauren childrenswear baby boys 3 24 yacht inspired short sleeve tee
ralph lauren childrenswear baby boys 3 24 months vertical stripe coverall
ralph lauren childrenswear baby boys 3 24 months suffield belted twill shorts
ralph lauren childrenswear baby boys 3 24 months striped tee
ralph lauren childrenswear baby boys 3 24 months striped shortall
ralph lauren childrenswear baby boys 3 24 months striped short sleeve shortall
ralph lauren childrenswear baby boys 3 24 months striped short sleeve henley tee
ralph lauren childrenswear baby boys 3 24 months striped polo shortall
ralph lauren childrenswear baby boys 3 24 months striped oxford mesh shortall
ralph lauren childrenswear baby boys 3 24 months striped jersey tee
ralph lauren childrenswear baby boys 3 24 months striped henley tee
ralph lauren childrenswear baby boys 3 24 months striped embroidered shortall
ralph lauren childrenswear baby boys 3 24 months solid short sleeve jersey tee
ralph lauren childrenswear baby boys 3 24 months solid polo shirt   plaid poplin shorts
ralph lauren childrenswear baby boys 3 24 months solid mesh short sleeve polo shirt
ralph lauren childrenswear baby boys 3 24 months solid jersey tee
ralph lauren childrenswear baby boys 3 24 months solid interlock shorts
ralph lauren childrenswear baby boys 3 24 months slim fit jeans
ralph lauren childrenswear baby boys 3 24 months short sleeve solid mesh polo shirt
ralph lauren childrenswear baby boys 3 24 months short sleeve pocket nautical graphic tee
ralph lauren childrenswear baby boys 3 24 months short sleeve chambray shortall
ralph lauren childrenswear baby boys 3 24 months rugby stripe shortall
ralph lauren childrenswear baby boys 3 24 months rolled cuff twill shorts
ralph lauren childrenswear baby boys 3 24 months relaxed fit twill shorts
ralph lauren childrenswear baby boys 3 24 months plaid poplin shirt   chino jogger pant set
ralph lauren childrenswear baby boys 3 24 months plaid long sleeve poplin shirt
ralph lauren childrenswear baby boys 3 24 months plaid linen blend shirt
ralph lauren childrenswear baby boys 3 24 months pieced shortall
ralph lauren childrenswear baby boys 3 24 months patchwork shortall
ralph lauren childrenswear baby boys 3 24 months patchwork fun shortall
ralph lauren childrenswear baby boys 3 24 months nautical stripe shortall
ralph lauren childrenswear baby boys 3 24 months nautical stripe pocketed short sleeve tee
ralph lauren childrenswear baby boys 3 24 months nautical inspired graphic tee   cargo shorts set
ralph lauren childrenswear baby boys 3 24 months nautical embroidered shortall
ralph lauren childrenswear baby boys 3 24 months nautical short sleeve tee
ralph lauren childrenswear baby boys 3 24 months nautical short sleeve anchor embroidered tee
ralph lauren childrenswear baby boys 3 24 months nautical printed mesh shortall
ralph lauren childrenswear baby boys 3 24 months nautical graphic short sleeve tee
ralph lauren childrenswear baby boys 3 24 months mesh polo shortall
ralph lauren childrenswear baby boys 3 24 months maritime inspired short sleeve tee
ralph lauren childrenswear baby boys 3 24 months linen blend short sleeve shirt
ralph lauren childrenswear baby boys 3 24 months knit short sleeve shortall
ralph lauren childrenswear baby boys 3 24 months full zip hoodie   pull on pant set
ralph lauren childrenswear baby boys 3 24 months flat front pull on pants
ralph lauren childrenswear baby boys 3 24 months color block shortall
ralph lauren childrenswear baby boys 3 24 months classic twill shorts
ralph lauren childrenswear baby boys 3 24 months bold stripe tee
ralph lauren childrenswear baby boys 3 24 months bold stripe sweater
ralph lauren childrenswear baby boys 3 24 months big pony classic short sleeve jersey tee
ralph lauren childrenswear baby boys 3 24 months banner polo shirt
ralph lauren childrenswear baby boys 3 24 months anchor printed polo shirt   shorts set
ralph lauren childrenswear baby boys 3 24 months americana snap placket tee   shorts set
ralph lauren childrenswear baby boys 3 24 months americana short sleeve tee
ralph lauren childrenswear baby boys 3 24 months americana dip dyed shortall
ralph lauren childrenswear baby boys 3 24 months americana dip dyed polo shortall
ralph lauren childrenswear baby boys 3 24 months americana color block tee
ralph lauren childrenswear baby boys 3 24 months americana color block shortall
ralph lauren childrenswear baby boys 3 24 months americana color block short sleeve tee
ralph lauren childrenswear baby boys 3 12 months usa color block short sleeve polo shirt
ralph lauren childrenswear baby boys 3 12 months striped shortall
ralph lauren childrenswear baby boys 3 12 months striped short sleeve bodysuit
ralph lauren childrenswear baby boys 3 12 months short sleeve polo bodysuit
ralph lauren childrenswear baby boys 3 12 months short sleeve bodysuit
ralph lauren childrenswear baby boys 3 12 months plaid linen blend shortall
ralph lauren childrenswear 3 pack striped   schiffli print bib set
ralph lauren childrenswear 3 pack bib set
ralph lauren childrenswear 3 24 months floral top   striped bloomer set
ralph lauren childrenswear 2t 6x gingham checked dress
ralph lauren childrenswear
ralph lauren blue label
ralph lauren big girls 7 16 plaid fleece shirt
ralph lauren bal harbor slip on oxfordcloth sneakers
ralph lauren baby boys  canvas sneakers
ralph lauren baby
ralph lauren
denim   supply by ralph lauren
denim   supply ralph lauren
ralph lauren
ralph lauren
polo ralph lauren
polo ralph lauren
polo ralph lauren wyndings loafers
polo ralph lauren woven striped boxers
polo ralph lauren woven stripe pajama pants
polo ralph lauren woven stripe boxers
polo ralph lauren woven plaid robe
polo ralph lauren woven plaid pajama pants
denim supply by ralph lauren
denim supply ralph lauren
denim   supply ralph lauren
polo ralph lauren woven plaid boxers
polo ralph lauren woven boxers assorted 3 pack
polo ralph lauren woven boxers
polo ralph lauren woodley men  s casual drivers
polo ralph lauren woodley drivers
polo ralph lauren windowpane woven pajama pants
polo ralph lauren whiteley buckle loafers
polo ralph lauren white cap floral swim trunks
polo ralph lauren western long sleeve woven shirt
polo ralph lauren west end leather belt
polo ralph lauren wes penny loafers
polo ralph lauren waylon boys   mid sneaker boots
polo ralph lauren waxed calfskin grosgrain striped card case
polo ralph lauren waxed calfskin grosgrain striped billfold
polo ralph lauren vito laceless slip on sneakers
polo ralph lauren vito ii boys   sneakers
polo ralph lauren vito casual sneakers
polo ralph lauren vito boys   shoes
polo ralph lauren vintage stretch slim fit paisley woven boxers
polo ralph lauren vintage stretch plaid woven boxers
polo ralph lauren vaughn sneakers
polo ralph lauren vaughn saddle sneakers
polo ralph lauren vaughn leather casual sneakers
polo ralph lauren vaughn chambray sneakers
polo ralph lauren vaughn casual sneakers
polo ralph lauren vaughn canvas shoes
polo ralph lauren varsity single stripe ankle socks 3 pack
polo ralph lauren varick stretch slim straight jeans
polo ralph lauren varick slim straight stretch denim jeans
polo ralph lauren varick slim straight jeans
polo ralph lauren varick slim straight hudson jeans
polo ralph lauren varick slim straight cutoff shorts
polo ralph lauren varick slim straight 5 pocket pants
polo ralph lauren varick slim fit warwick wash jeans
polo ralph lauren vachetta leather roller belt
polo ralph lauren vachetta leather belt
polo ralph lauren v neck sleeveless denim sheath dress
polo ralph lauren usa baseball cap
polo ralph lauren tropical print short sleeve woven shirt
polo ralph lauren traveler water floral swim trunks
polo ralph lauren traveler water color paisley swim trunks
polo ralph lauren traveler toucan print swim trunks
polo ralph lauren traveler swim trunks
polo ralph lauren traveler stretch striped seersucker swim trunks
polo ralph lauren traveler shark swim trunks
polo ralph lauren traveler plaid swim trunks
polo ralph lauren traveler paisley swim trunks
polo ralph lauren traveler lobster swim trunks
polo ralph lauren traveler grasshopper print swim trunks
polo ralph lauren traveler gingham swim trunks
polo ralph lauren traveler cruise plaid swim trunks
polo ralph lauren tossed turtles crew dress socks 2 pack
polo ralph lauren tossed paisley crew dress socks 2 pack
polo ralph lauren tossed anchors printed classic fit linen blend shorts
polo ralph lauren torrington saddle oxfords
polo ralph lauren tompkins skinny jeans
polo ralph lauren tompkins ski denim jeans
polo ralph lauren tompkins high rise skinny jeans
polo ralph lauren tie front polo dress
polo ralph lauren tie front mesh polo shirt
polo ralph lauren thompson relaxed fit jeans
polo ralph lauren telly boys   penny loafers
polo ralph lauren technical casual crew socks 3 pack
polo ralph lauren tattersall long sleeve woven shirt
polo ralph lauren tattersall check long sleeve woven shirt
polo ralph lauren supreme comfort pajama pants
polo ralph lauren supreme comfort long leg boxer briefs 2 pack
polo ralph lauren supreme comfort knit boxers 2 pack
polo ralph lauren supreme comfort jersey v neck 2 pack
polo ralph lauren supreme comfort jersey pajama shorts
polo ralph lauren supreme comfort jersey crewneck tee
polo ralph lauren supreme comfort jersey crewneck 2 pack
polo ralph lauren supreme comfort boxer brief 2 pack
polo ralph lauren supersoft ragg crew socks 3 pack
polo ralph lauren super soft dress socks 3 pack
polo ralph lauren super soft dress socks
polo ralph lauren super soft diamond dot crew dress socks 3 pack
polo ralph lauren super soft birdseye crew dress socks 3 pack
polo ralph lauren sullivan slim fit paint splatter jeans
polo ralph lauren sullivan slim fit jeans
polo ralph lauren sullivan destructed patched slim fit jeans
polo ralph lauren striped woven robe
polo ralph lauren striped woven boxers
polo ralph lauren striped stretch performance long sleeve woven shirt
polo ralph lauren striped short sleeve woven shirt
polo ralph lauren striped short sleeve henley
polo ralph lauren striped rib knit pencil skirt
polo ralph lauren striped poplin shirt
polo ralph lauren striped pocket crewneck short sleeve tee
polo ralph lauren striped oxford short sleeve woven shirt
polo ralph lauren striped oxford long sleeve woven shirt
polo ralph lauren striped long sleeve woven shirt
polo ralph lauren striped linen blend tee
polo ralph lauren striped linen long sleeve woven shirt
polo ralph lauren striped knit oxford shirt
polo ralph lauren striped fitted classic fit button down collar dress shirt
polo ralph lauren striped cropped jersey tee
polo ralph lauren striped cotton shirtdress
polo ralph lauren striped cotton pajama shirt
polo ralph lauren striped cotton jersey short sleeve tee
polo ralph lauren striped cotton boatneck tee
polo ralph lauren striped classic fit pima soft touch short sleeve polo shirt
polo ralph lauren striped classic fit cotton soft touch short sleeve polo shirt
polo ralph lauren striped cap sleeve maxi dress
polo ralph lauren striped button up shirt
polo ralph lauren stripe jersey pocket crew neck short sleeve tee
polo ralph lauren stripe crew dress socks 2 pack
polo ralph lauren stretch v neck tee 2 pack
polo ralph lauren stretch twill skinny pant
polo ralph lauren stretch twill classic fit floral print chino shorts
polo ralph lauren stretch straight fit jogger pants
polo ralph lauren stretch low rise briefs 3 pack
polo ralph lauren stretch crewneck tee 2 pack
polo ralph lauren stretch classic fit flat front shorts
polo ralph lauren stretch classic boxer briefs 3 pack
polo ralph lauren stretch cargo jeans
polo ralph lauren strapless jersey maxi dress
polo ralph lauren straight fit twill shorts
polo ralph lauren straight fit stretch jogger pants
polo ralph lauren straight fit montauk chino shorts
polo ralph lauren straight fit flat front chambray maritime shorts
polo ralph lauren straight fit cotton chino shorts
polo ralph lauren standard fit striped short sleeve woven shirt
polo ralph lauren standard fit stripe short sleeve woven shirt
polo ralph lauren standard fit solid poplin long sleeve woven shirt
polo ralph lauren standard fit shirt
polo ralph lauren standard fit plaid short sleeve woven shirt
polo ralph lauren standard fit glen plaid linen estate long sleeve woven shirt
polo ralph lauren standard fit frayed hem long sleeve solid woven shirt
polo ralph lauren standard fit plaid linen estate long sleeve woven shirt
polo ralph lauren standard fit jersey pocket short sleeve tee
polo ralph lauren standard fit dot print poplin long sleeve woven shirt
polo ralph lauren st  james striped liner socks 3 pack
polo ralph lauren solid short sleeve jersey henley
polo ralph lauren solid poplin estate long sleeve woven shirt
polo ralph lauren solid oxford short sleeve woven shirt
polo ralph lauren solid oxford shirt
polo ralph lauren solid oxford long sleeve woven shirt
polo ralph lauren solid linen sportshirt
polo ralph lauren solid chambray short sleeve woven shirt
polo ralph lauren soho plaid sleep pants
polo ralph lauren soho plaid robe
polo ralph lauren soft touch dress socks 3 pack
polo ralph lauren soft touch casual socks 3 pack
polo ralph lauren socks 6 pack
polo ralph lauren socks 3 pack
polo ralph lauren slim fit tattersall plaid stretch oxford shirt
polo ralph lauren slim fit striped stretch oxford long sleeve woven shirt
polo ralph lauren slim fit striped polo shirt
polo ralph lauren slim fit striped oxford long sleeve woven shirt
polo ralph lauren slim fit striped long sleeve woven shirt
polo ralph lauren slim fit solid weathered mesh short sleeve polo shirt
polo ralph lauren slim fit solid oxford long sleeve woven shirt
polo ralph lauren slim fit plaid long sleeve woven shirt
polo ralph lauren slim fit koi print short sleeve woven shirt
polo ralph lauren slim fit gingham long sleeve woven shirt
polo ralph lauren slim fit floral short sleeve woven shirt
polo ralph lauren slim fit flat front bedford chino pants
polo ralph lauren slim fit cotton tanks 3 pack
polo ralph lauren slim fit cotton crew 3 pack
polo ralph lauren slim fit checked long sleeve woven shirt
polo ralph lauren slim fit check long sleeve woven shirt
polo ralph lauren slim cropped jeans
polo ralph lauren slim cable knit pima cotton sweater
polo ralph lauren sleeveless linen blend top
polo ralph lauren sleeveless crepe top
polo ralph lauren slaton polo sneakers
polo ralph lauren skinny weathered stretch polo shirt
polo ralph lauren skinny stretch tie dye polo shirt
polo ralph lauren skinny stretch mesh polo shirt
polo ralph lauren silk cotton jumpsuit
polo ralph lauren silk v neck tee
polo ralph lauren silk short sleeve polo dress
polo ralph lauren silk gauze wrap dress
polo ralph lauren silk crepe shirtdress
polo ralph lauren signature sports cap
polo ralph lauren shoulder pad custom fit blazer
polo ralph lauren short sleeve knit oxford shirt
polo ralph lauren short sleeve graphic tee
polo ralph lauren short sleeve v neck tee
polo ralph lauren short sleeve cold shoulder printed silk blouse
polo ralph lauren shield overlay webbed belt
polo ralph lauren shibori dyed silk halter dress
polo ralph lauren shibori reversible bucket hat
polo ralph lauren shibori off the shoulder top
polo ralph lauren shelter island plaid swim trunks
polo ralph lauren scholar boys   casual sneakers
polo ralph lauren sanders boys   deck shoes
polo ralph lauren rylander boat shoes
polo ralph lauren ruffled off the shoulder solid dress
polo ralph lauren round neck sleeveless solid silk shirt
polo ralph lauren ribbed lace up short sleeve sheath dress
polo ralph lauren reversible tropical print bucket hat
polo ralph lauren reversible toucan print bucket hat
polo ralph lauren reversible striped belt
polo ralph lauren reversible patriotic belt
polo ralph lauren reversible grosgrain belt
polo ralph lauren reversible bucket hat
polo ralph lauren reversible bomber jacket
polo ralph lauren relaxed fit twill surplus shorts
polo ralph lauren relaxed fit patchwork shorts
polo ralph lauren relaxed fit koi fish print surplus shorts
polo ralph lauren relaxed fit flat front chino pants
polo ralph lauren relaxed fit striped broadcloth shirt
polo ralph lauren relaxed fit linen shirt
polo ralph lauren relaxed cotton madras shirt
polo ralph lauren relaxed classic shirt
polo ralph lauren rein braided leather belt
polo ralph lauren ranger high ii casual boots
polo ralph lauren ramiro sneakers
polo ralph lauren ralph girls   rain boots
polo ralph lauren quarter top socks 6 pack
polo ralph lauren prepster embroidered flag americana swim trunks
polo ralph lauren pony print woven pajama pants
polo ralph lauren pony print jogger lounge pants
polo ralph lauren pony plaque black belt
polo ralph lauren ponte slim fit pull on pencil midi skirt
polo ralph lauren polo player sleep pants
polo ralph lauren polo cotton jersey tee
polo ralph lauren polo 1967 chino cap
polo ralph lauren polka dot woven boxers
polo ralph lauren pointelle knit poncho
polo ralph lauren point colllar long sleeve denim utility dress
polo ralph lauren pleated high rise shorts
polo ralph lauren plaid woven boxers
polo ralph lauren plaid short sleeve woven shirt
polo ralph lauren plaid short sleeve half placket woven shirt
polo ralph lauren plaid poplin long sleeve woven shirt
polo ralph lauren plaid poplin estate shirt
polo ralph lauren plaid poplin estate long sleeve woven shirt
polo ralph lauren plaid oxford short sleeve woven shirt
polo ralph lauren plaid oxford short sleeve pocket woven shirt
polo ralph lauren plaid oxford shirt
polo ralph lauren plaid oxford long sleeve woven shirt
polo ralph lauren plaid off the shoulder dress
polo ralph lauren plaid madras short sleeve woven shirt
polo ralph lauren plaid madras long sleeve woven shirt
polo ralph lauren plaid long sleeve woven shirt
polo ralph lauren plaid long sleeve oxford shirt
polo ralph lauren plaid linen long sleeve woven shirt
polo ralph lauren plaid cotton pajama shirt
polo ralph lauren pippa mary jane
polo ralph lauren pima v neck sweater vest
polo ralph lauren pima soft touch short sleeve polo shirt
polo ralph lauren performance twill long sleeve woven shirt
polo ralph lauren performance lisle polo shirt
polo ralph lauren performance jersey short sleeve tee
polo ralph lauren pebbled leather window billfold
polo ralph lauren pebbled leather narrow wallet
polo ralph lauren pebbled leather card case
polo ralph lauren pebbled leather billfold
polo ralph lauren pebble leather slim card case
polo ralph lauren patriotic flag baseball cap
polo ralph lauren patriotic denim tote
polo ralph lauren patchwork short sleeve woven shirt
polo ralph lauren patchwork knit oxford shirt
polo ralph lauren palm island swim trunk
polo ralph lauren palm island camo swim trunks
polo ralph lauren paisley plaid short sleeve woven shirt
polo ralph lauren paisley crew dress socks
polo ralph lauren paint splattered polo shirt
polo ralph lauren oxford striped crew dress socks 2 pack
polo ralph lauren oxford western long sleeve solid woven shirt
polo ralph lauren over the calf dress socks
polo ralph lauren open knit boat neck sweater
polo ralph lauren off the shoulder cotton top
polo ralph lauren off the shoulder long sleeve striped shirt
polo ralph lauren ocean wash linen long sleeve woven shirt
polo ralph lauren ocean wash linen long sleeve solid woven shirt
polo ralph lauren nylon military inspired shaving kit
polo ralph lauren notch lapel custom fit blazer
polo ralph lauren notch lapel collar button front herringbone hacking blazer
polo ralph lauren non iron fitted classic fit spread collar striped dress shirt
polo ralph lauren non iron fitted classic fit pinpoint oxford button down collar dress shirt
polo ralph lauren newport stretch classic fit flat front novelty print striped seersucker shorts
polo ralph lauren newport classic fit flat front madras plaid shorts
polo ralph lauren nautical overlay webbed belt
polo ralph lauren nautical stripe short sleeve crew neck graphic tee
polo ralph lauren nautical print short sleeve woven shirt
polo ralph lauren nautical flag embroidered gingham long sleeve woven shirt
polo ralph lauren ny twill baseball cap
polo ralph lauren multi striped oxford shirt
polo ralph lauren multi striped oxford long sleeve woven shirt
polo ralph lauren multi striped oxford estate long sleeve woven shirt
polo ralph lauren multi stripe color block crew dress socks 2 pack
polo ralph lauren moseley wingtip oxfords
polo ralph lauren morgan slim fit stretch chino sportcoat
polo ralph lauren money clip card case
polo ralph lauren monaco watercolor floral swim trunks
polo ralph lauren monaco striped swim trunks
polo ralph lauren mini dot long sleeve woven shirt
polo ralph lauren military cargo henley one piece
polo ralph lauren military burnished calfskin leather belt
polo ralph lauren microfiber sueded polyester windbreaker
polo ralph lauren microfiber dress socks 3 pack
polo ralph lauren microfiber dress socks
polo ralph lauren mesh top tab ankle socks 3 pack
polo ralph lauren mercerized rep stripe crew dress socks
polo ralph lauren mercerized multi stripe crew dress socks
polo ralph lauren mercerized dot circle crew dress socks
polo ralph lauren mercerized diamond crew dress socks
polo ralph lauren men  s wyndings loafers
polo ralph lauren men  s woodley
polo ralph lauren men  s willem leather drivers
polo ralph lauren men  s wyndings
polo ralph lauren men  s wessel drivers
polo ralph lauren men  s wes penny loafers
polo ralph lauren men  s vultan wingtip sneakers
polo ralph lauren men  s wynding drivers
polo ralph lauren men  s woodley drivers
polo ralph lauren men  s whiteley driver
polo ralph lauren men  s vaughn sneakers
polo ralph lauren men  s vaughn sneaker
polo ralph lauren men  s vaughn slip ons
polo ralph lauren men  s vaughn leather sneakers
polo ralph lauren men  s vaughn canvas sneakers
polo ralph lauren men  s vaughn camouflage sneakers
polo ralph lauren men  s vaughn
polo ralph lauren men  s vail lace up washed denim sneakers
polo ralph lauren men  s vail denim lace up sneakers
polo ralph lauren men  s tyrian leather lace up sneakers
polo ralph lauren men  s tremayne high top leather lace up sneakers
polo ralph lauren men  s torian oxfords
polo ralph lauren men  s thurlos fabric high top lace up chukka sneakers
polo ralph lauren men  s sullivan ii flip flop
polo ralph lauren men  s suede wyndings drivers
polo ralph lauren men  s rylander sneakers
polo ralph lauren men  s rupert
polo ralph lauren men  s rodwell slide sandals
polo ralph lauren men  s rodwell slide
polo ralph lauren men  s ramiro sneakers
polo ralph lauren men  s ramiro
polo ralph lauren men  s laxman sneakers
polo ralph lauren men  s izzah sneaker
polo ralph lauren men  s izzah lace up sneakers
polo ralph lauren men  s itford slip on sneakers
polo ralph lauren men  s ian vintage cotton lace up sneaker
polo ralph lauren men  s faxon sneakers
polo ralph lauren men  s faxon sneaker
polo ralph lauren men  s faxon low sneakers
polo ralph lauren men  s faxon leather herringbone denim low sneakers
polo ralph lauren men  s faxon leather lace up low sneakers
polo ralph lauren men  s edgemont flip flop
polo ralph lauren men  s dylon nubuck buckled strap zip up boot
polo ralph lauren men  s dover iii duck toe boots
polo ralph lauren men  s darroll nubuck double buckled strap boot
polo ralph lauren men  s darroll action leather double buckle boot
polo ralph lauren men  s cordell suede   mesh lace up sneakers
polo ralph lauren men  s conquest iii leather front zip strapped boot
polo ralph lauren men  s barron espadrilles
polo ralph lauren men  s bardene suede slip ons
polo ralph lauren men  s aldric ii sneakers
polo ralph lauren men s morgfield cap toe dress shoes
polo ralph lauren medium fit short sleeved cotton jersey v neck tee
polo ralph lauren medium fit short sleeve crewneck tee
polo ralph lauren marlow men  s chukka boots
polo ralph lauren marlin print classic fit linen blend shorts
polo ralph lauren madras fit and flare dress
polo ralph lauren long sleeve striped to gingham woven funshirt
polo ralph lauren long sleeve check poplin shirt
polo ralph lauren long traveler floral swim trunks
polo ralph lauren long leg boxer briefs assorted 3 pack
polo ralph lauren linen silk cardigan
polo ralph lauren linen blend cardigan
polo ralph lauren linen off the shoulder dress
polo ralph lauren linen camp short sleeve mixed print woven shirt
polo ralph lauren lightweight socks
polo ralph lauren lightweight liner 3 pack
polo ralph lauren lightweight linen tunic
polo ralph lauren leather trim cotton sleeveless top
polo ralph lauren leather patch jodhpur leggings
polo ralph lauren leather sports carryall
polo ralph lauren leather roller buckle belt
polo ralph lauren leather duffel bag
polo ralph lauren leather   nickle dress belt
polo ralph lauren lasercut medallion plunge halter one piece
polo ralph lauren lace trim cotton camisole
polo ralph lauren koi fish print stretch classic fit shorts
polo ralph lauren knit trunks assorted 3 pack
polo ralph lauren kids
polo ralph lauren kalworth moc toe loafers
polo ralph lauren kailua swim trunks
polo ralph lauren kailua shark swim trunks
polo ralph lauren kailua octopus print swim trunks
polo ralph lauren kailua dragon swim trunks
polo ralph lauren kailua americana ombre swim trunks
polo ralph lauren kailua american flag swim trunks
polo ralph lauren julie skinny fit stretch polo shirt
polo ralph lauren jersey pajama shorts
polo ralph lauren jersey crewneck t shirt
polo ralph lauren jersey crewneck shirt
polo ralph lauren jersey crewneck long sleeve tee
polo ralph lauren jersey boxer briefs assorted 3 pack
polo ralph lauren isle ditsy plunge monokini one piece
polo ralph lauren interlock track pants
polo ralph lauren indigo solid oxford long sleeve woven shirt
polo ralph lauren indigo plaid short sleeve woven shirt
polo ralph lauren indigo chambray long sleeve woven shirt
polo ralph lauren horizontal stripe short sleeve pocket tee
polo ralph lauren horizontal stripe short sleeve crewneck pocket tee
polo ralph lauren horizontal striped short sleeve crewneck pocket tee
polo ralph lauren horizontal striped pima soft touch polo shirt
polo ralph lauren horizontal striped nautical graphic tee
polo ralph lauren horizontal striped jersey popover short sleeve polo shirt
polo ralph lauren hooded windbreaker
polo ralph lauren high rise tapered leg twill pants
polo ralph lauren hibiscus floral woven boxers
polo ralph lauren hi low poplin shirt
polo ralph lauren hawaiian swim boxers
polo ralph lauren hanford sneakers
polo ralph lauren hampton striped short sleeve polo shirt
polo ralph lauren hampton striped knit oxford short sleeve polo shirt
polo ralph lauren hampton stretch straight fit jeans
polo ralph lauren hampton stretch sateen flat front straight fit pants
polo ralph lauren hampton straight fit stretch jeans
polo ralph lauren hampton straight fit stanton wash jeans
polo ralph lauren hampton straight fit lightweight morris wash jeans
polo ralph lauren hampton straight fit lightweight dayton wash jeans
polo ralph lauren hampton straight fit jeans
polo ralph lauren hampton nautical flag embroidered striped short sleeve polo shirt
polo ralph lauren hampton marlin embroidered short sleeve polo shirt
polo ralph lauren hampton map print short sleeve polo shirt
polo ralph lauren hampton cotton lisle short sleeve solid polo shirt
polo ralph lauren hairline striped poplin shirt
polo ralph lauren girls  tabby t strap
polo ralph lauren girls  slater sneakers
polo ralph lauren girls  slater canvas stitched ez sneakers
polo ralph lauren girls  propell sneakers
polo ralph lauren girls  pamela mary jane
polo ralph lauren girls  kasey gore sneaker
polo ralph lauren girls  gala sandals
polo ralph lauren girls  camden ez patterned sneakers
polo ralph lauren girls  bal harbour repeat canvas slip on sneakers
polo ralph lauren gingham long sleeve woven shirt
polo ralph lauren garment dyed long sleeve woven shirt
polo ralph lauren garment dyed long sleeve solid woven shirt
polo ralph lauren full color polo player crew socks
polo ralph lauren fringe trim jersey tank
polo ralph lauren french terry cargo jogger
polo ralph lauren french stripe lace up back one piece
polo ralph lauren floral print oxford short sleeve woven shirt
polo ralph lauren flat front workwear shorts
polo ralph lauren flat front prepster shorts
polo ralph lauren flat front classic fit stretch twill prepster shorts
polo ralph lauren flat front classic fit stretch twill embroidered prepster shorts
polo ralph lauren flat knit trouser socks 3 pack
polo ralph lauren flag overlay americana webbed belt
polo ralph lauren flag cotton tee
polo ralph lauren flag camo mesh trucker hat
polo ralph lauren fitted standard fit button down collar checked dress shirt
polo ralph lauren fitted classic fit striped dress shirt
polo ralph lauren fitted classic fit spread collar striped dress shirt
polo ralph lauren fitted classic fit spread collar plaid poplin dress shirt
polo ralph lauren fitted classic fit spread collar checked dress shirt
polo ralph lauren fitted classic fit solid oxford dress shirt
polo ralph lauren fitted classic fit point collar solid oxford dress shirt
polo ralph lauren fitted classic fit point collar plaid dress shirt
polo ralph lauren fitted classic fit oxford point collar solid dress shirt
polo ralph lauren fitted classic fit button down collar striped dress shirt
polo ralph lauren fitted classic fit button down collar checked dress shirt
polo ralph lauren fish embroidered classic fit stretch twill shorts
polo ralph lauren faxon men  s lace up shoes
polo ralph lauren faxon low casual sneakers
polo ralph lauren faxon low casual denim sneakers
polo ralph lauren faxon casual sneakers
polo ralph lauren faxon canvas sneakers
polo ralph lauren ethan low ez boys   casual sneakers
polo ralph lauren estate rib quarter zip mockneck pullover
polo ralph lauren end on end solid poplin shirt
polo ralph lauren embroidered herringbone cap
polo ralph lauren embroidered denim cap
polo ralph lauren embroidered crest twill cap
polo ralph lauren embossed logo patch leather belt
polo ralph lauren elongated linen shirt
polo ralph lauren elastic waist leather patch leggings
polo ralph lauren dress socks 3 pack
polo ralph lauren dragon graphic printed featherweight short sleeve polo shirt
polo ralph lauren dover iii rugged men  s duck boots
polo ralph lauren dover iii men  s rugged boots
polo ralph lauren double breasted twill jacket
polo ralph lauren double ruffle plunge one piece
polo ralph lauren dot printed woven pajama pants
polo ralph lauren distressed straight leg jeans
polo ralph lauren diagonal stripe crew dress socks 2 pack
polo ralph lauren denim trucker hat
polo ralph lauren denim cargo pencil skirt
polo ralph lauren demond casual boots
polo ralph lauren deckhand braided belt
polo ralph lauren custom fit washed oxford shirt
polo ralph lauren custom fit striped short sleeve crew neck pocket tee
polo ralph lauren custom fit striped indigo short sleeve polo shirt
polo ralph lauren custom fit striped crew neck short sleeve pocket tee
polo ralph lauren custom fit stretch mesh short sleeve polo shirt
polo ralph lauren custom fit souvenir short sleeve solid polo shirt
polo ralph lauren custom fit souvenir mesh embroidered short sleeve polo shirt
polo ralph lauren custom fit solid mesh polo shirt
polo ralph lauren custom fit short sleeve graphic tee
polo ralph lauren custom fit short sleeve crew neck graphic tee
polo ralph lauren custom fit short sleeve crew graphic tee
polo ralph lauren custom fit pocket short sleeve polo shirt
polo ralph lauren custom fit mesh henley short sleeve tee
polo ralph lauren custom fit graphic short sleeve crew neck tee
polo ralph lauren custom fit featherweight horizontal striped polo shirt
polo ralph lauren custom fit denim shirt
polo ralph lauren custom fit crew neck short sleeve graphic tee
polo ralph lauren custom fit cotton mesh short sleeve polo shirt
polo ralph lauren custom fit anchor short sleeve tee
polo ralph lauren custom slim fit striped short sleeve crew neck tee
polo ralph lauren custom slim fit stretch mesh short sleeve polo shirt
polo ralph lauren custom slim fit spa terry short sleeve polo shirt
polo ralph lauren custom slim fit short sleeve solid polo shirt
polo ralph lauren custom slim fit short sleeve mesh polo shirt
polo ralph lauren custom slim fit short sleeve jersey tee
polo ralph lauren custom slim fit short sleeve graphic tee
polo ralph lauren custom slim fit short sleeve crew neck mesh tee
polo ralph lauren custom slim fit short sleeve crew neck americana graphic tee
polo ralph lauren custom slim fit short sleeve americana tee
polo ralph lauren custom slim fit jersey short sleeve graphic tee
polo ralph lauren custom slim fit featherweight short sleeve henley
polo ralph lauren custom slim fit american flag short sleeve graphic tee
polo ralph lauren custom fit short sleeve graphic tee
polo ralph lauren cushioned quarter top socks 3 pack
polo ralph lauren cushioned quarter top casual socks 3 pack
polo ralph lauren cushioned athletic crew socks 3 pack
polo ralph lauren cushion sole mesh top sport crew socks 3 pack
polo ralph lauren crew socks 6 pack
polo ralph lauren crew socks 3 pack
polo ralph lauren crew neck 3 4 sleeve feather trimmed sweater
polo ralph lauren crest short sleeve solid polo shirt
polo ralph lauren crepe v neck short flutter sleeve wide leg jumpsuit
polo ralph lauren crepe v neck shift dress
polo ralph lauren cotton blend socks 3 pack
polo ralph lauren cotton blend crew socks 3 pack
polo ralph lauren cotton blend baseline hat
polo ralph lauren cotton voile lace dress cover up
polo ralph lauren cotton twill shorts
polo ralph lauren cotton solid poplin shirt
polo ralph lauren cotton solid poplin long sleeve woven shirt
polo ralph lauren cotton madras shirt dress
polo ralph lauren cotton lace up sweater
polo ralph lauren cotton jersey graphic tee
polo ralph lauren cotton crewneck sweatshirt
polo ralph lauren cotton chino wide leg pants
polo ralph lauren cotton chino military shirt
polo ralph lauren cotton chino fit and flare shirt dress
polo ralph lauren contrast heel toe crew socks
polo ralph lauren conquest iii men  s rugged boots
polo ralph lauren condensed dot crew dress socks 2 pack
polo ralph lauren combed cotton dress socks 3 pack
polo ralph lauren combed cotton dress socks
polo ralph lauren collins chino stretch sport coat
polo ralph lauren cold shoulder printed silk dress
polo ralph lauren classic fit weathered mesh solid short sleeve polo shirt
polo ralph lauren classic fit twill chino pants
polo ralph lauren classic fit tipped short sleeve polo shirt
polo ralph lauren classic fit striped stretch mesh short sleeve polo shirt
polo ralph lauren classic fit striped soft touch short sleeve polo shirt
polo ralph lauren classic fit striped short sleeve polo shirt
polo ralph lauren classic fit stretch twill pants
polo ralph lauren classic fit stretch piqu   short sleeve polo shirt
polo ralph lauren classic fit stretch mesh solid short sleeve polo shirt
polo ralph lauren classic fit stretch chino pants
polo ralph lauren classic fit spa terry cloth shorts
polo ralph lauren classic fit solid short sleeve polo shirt
polo ralph lauren classic fit solid mesh polo shirt
polo ralph lauren classic fit solid lisle short sleeve polo shirt
polo ralph lauren classic fit solid denim shirt
polo ralph lauren classic fit solid chambray shirt
polo ralph lauren classic fit soft touch short sleeve polo shirt
polo ralph lauren classic fit short sleeve polo shirt
polo ralph lauren classic fit prepster madras plaid shorts
polo ralph lauren classic fit pleated chino shorts
polo ralph lauren classic fit plaid patchwork shorts
polo ralph lauren classic fit ombre mesh short sleeve polo shirt
polo ralph lauren classic fit newport pima shorts
polo ralph lauren classic fit mesh short sleeve polo shirt
polo ralph lauren classic fit m45 cargo shorts
polo ralph lauren classic fit linen blend chino pants
polo ralph lauren classic fit linen pants
polo ralph lauren classic fit jersey crewneck heathered short sleeve tee
polo ralph lauren classic fit flat front twill pima cotton shorts
polo ralph lauren classic fit flat front stretch prepster chino shorts
polo ralph lauren classic fit flat front newport oxford shorts
polo ralph lauren classic fit flat front chino shorts
polo ralph lauren classic fit flat front chino pants
polo ralph lauren classic fit flat front bleached plaid linen shorts
polo ralph lauren classic fit featherweight printed short sleeve polo shirt
polo ralph lauren classic fit featherweight mesh short sleeve polo shirt
polo ralph lauren classic fit featherweight mesh short sleeve contrast stripe polo shirt
polo ralph lauren classic fit featherweight mesh color block short sleeve polo shirt
polo ralph lauren classic fit dip dyed mesh short sleeve americana polo shirt
polo ralph lauren classic fit cotton v neck assorted 3 pack
polo ralph lauren classic fit cotton soft short sleeve solid polo shirt
polo ralph lauren classic fit cotton rib tanks 3 pack
polo ralph lauren classic fit cotton knit boxers assorted 3 pack
polo ralph lauren classic fit cotton crew tee assorted 3 pack
polo ralph lauren classic fit cotton cargo shorts
polo ralph lauren classic fit cotton button fly boxer briefs 3 pack
polo ralph lauren classic fit cotton boxer brief 3 pack
polo ralph lauren classic fit color block big pony short sleeve polo shirt
polo ralph lauren classic fit big pony short sleeve solid polo shirt
polo ralph lauren classic fit big pony short sleeve polo shirt
polo ralph lauren classic fit big pony chest stripe short sleeve polo shirt
polo ralph lauren classic fit big pony banner stripe short sleeve polo shirt
polo ralph lauren classic woven boxers assorted 3 pack
polo ralph lauren classic solid fleece hoodie jacket
polo ralph lauren classic signature pony knit oxford shirt
polo ralph lauren classic fleece drawstring pants
polo ralph lauren classic crew socks
polo ralph lauren classic cotton blend socks 3 pack
polo ralph lauren classic cotton mid rise briefs 4 pack
polo ralph lauren classic cotton low rise briefs 4 pack
polo ralph lauren classic cotton chino sports cap
polo ralph lauren classic boxer briefs assorted 3 pack
polo ralph lauren classic baseball cap
polo ralph lauren checked poplin shirt
polo ralph lauren checked poplin fitted classic fit button down collar dress shirt
polo ralph lauren checked oxford shirt
polo ralph lauren checked long sleeve oxford shirt
polo ralph lauren check poplin estate long sleeve woven shirt
polo ralph lauren check long sleeve woven shirt
polo ralph lauren chambray short sleeve woven shirt
polo ralph lauren chambray short sleeve solid woven shirt
polo ralph lauren cashmere pocket tee
polo ralph lauren captiva pineapple swimsuit
polo ralph lauren cap sleeve ruffled ponte dress
polo ralph lauren canvas american flag tote
polo ralph lauren camo print nylon shaving kit
polo ralph lauren camo print military duffle bag
polo ralph lauren camo low cut ankle socks 3 pack
polo ralph lauren cady long sleeve tie back solid top
polo ralph lauren cable v neck wool cashmere sweater
polo ralph lauren burnished leather window billfold
polo ralph lauren burnished leather narrow wallet
polo ralph lauren burnished leather money clip
polo ralph lauren burnished leather card case
polo ralph lauren burnished leather billfold
polo ralph lauren bulldog striped icon belt
polo ralph lauren brush camo ankle socks 3 pack
polo ralph lauren bright striped crew dress socks 2 pack
polo ralph lauren braided vachetta leather belt
polo ralph lauren braided leather belt
polo ralph lauren boys   wingtip oxfords
polo ralph lauren boys   kewzip boots
polo ralph lauren boys   kewzip
polo ralph lauren boys   greggner sneakers
polo ralph lauren boys   greggner sneaker
polo ralph lauren boys  waylon mid
polo ralph lauren boys  slater ez chambray denim sneakers
polo ralph lauren boys  slater chambray denim lace up sneakers
polo ralph lauren boys  scholar
polo ralph lauren boys  lace up hanford sneaker
polo ralph lauren boys  kody stretch hook and loop sneakers
polo ralph lauren boys  kasey gore sneakers
polo ralph lauren boys  kasey gore sneaker
polo ralph lauren boys  halden sneakers
polo ralph lauren boys  faxon ii lace up sneakers
polo ralph lauren boys  colton sneakers
polo ralph lauren boys  colton sneaker
polo ralph lauren boys  bal harbour sneakers
polo ralph lauren boys leo flip flops
polo ralph lauren boy fit plaid shirt
polo ralph lauren boy fit plaid long sleeve shirt
polo ralph lauren boy fit floral print shirt
polo ralph lauren boy fit cotton madras shirt
polo ralph lauren boxy stripe cotton blend sweater
polo ralph lauren boatneck linen sweater
polo ralph lauren block stripe athletic quarter socks 4 pack
polo ralph lauren block stripe athletic low cut socks 4 pack
polo ralph lauren block stripe athletic crew socks 4 pack
polo ralph lauren black brown reversible belt
polo ralph lauren birdseye cotton blend jogger pants
polo ralph lauren billet vachetta leather belt
polo ralph lauren big   tall twill estate long sleeve woven shirt
polo ralph lauren big   tall tropical print short sleeve woven shirt
polo ralph lauren big   tall tossed turtles crew dress socks 2 pack
polo ralph lauren big   tall tech athletic quarter socks 3 pack
polo ralph lauren big   tall super soft dress socks 3 pack
polo ralph lauren big   tall striped short sleeve polo shirt
polo ralph lauren big   tall striped seersucker short sleeve woven shirt
polo ralph lauren big   tall striped seersucker newport flat front cotton classic fit stretch shorts
polo ralph lauren big   tall striped poplin long sleeve woven shirt
polo ralph lauren big   tall striped pocket short sleeve tee
polo ralph lauren big   tall striped oxford short sleeve woven shirt
polo ralph lauren big   tall striped oxford long sleeve woven shirt
polo ralph lauren big   tall striped linen long sleeve woven shirt
polo ralph lauren big   tall striped jersey short sleeve polo shirt
polo ralph lauren big   tall striped jersey short sleeve crew neck tee
polo ralph lauren big   tall striped graphic short sleeve tee
polo ralph lauren big   tall striped cotton jersey short sleeve tee
polo ralph lauren big   tall striped color block poplin long sleeve woven shirt
polo ralph lauren big   tall striped classic fit soft touch polo shirt
polo ralph lauren big   tall stripe short sleeve woven shirt
polo ralph lauren big   tall stretch straight fit hampton jeans
polo ralph lauren big   tall stretch oxford plaid long sleeve woven shirt
polo ralph lauren big   tall stretch classic fit twill pants
polo ralph lauren big   tall stretch classic fit shorts
polo ralph lauren big   tall st  james striped liner socks 3 pack
polo ralph lauren big   tall sport sock 3 pack
polo ralph lauren big   tall solid stretch oxford long sleeve woven shirt
polo ralph lauren big   tall solid oxford short sleeve woven shirt
polo ralph lauren big   tall solid oxford shirt
polo ralph lauren big   tall solid oxford long sleeve woven shirt
polo ralph lauren big   tall solid featherweight mesh short sleeve polo shirt
polo ralph lauren big   tall solid chambray long sleeve woven shirt
polo ralph lauren big   tall short sleeve graphic jersey tee
polo ralph lauren big   tall seersucker short sleeve woven shirt
polo ralph lauren big   tall sash big pony short sleeve polo shirt
polo ralph lauren big   tall reversible bucket hat
polo ralph lauren big   tall relaxed fit classic cargo shorts
polo ralph lauren big   tall poplin short sleeve woven shirt
polo ralph lauren big   tall plaid stretch oxford long sleeve woven shirt
polo ralph lauren big   tall plaid poplin short sleeve woven shirt
polo ralph lauren big   tall plaid poplin long sleeve woven shirt
polo ralph lauren big   tall plaid oxford short sleeve woven shirt
polo ralph lauren big   tall plaid oxford shirt
polo ralph lauren big   tall plaid oxford long sleeve woven shirt
polo ralph lauren big   tall plaid long sleeve woven shirt
polo ralph lauren big   tall plaid cotton poplin shirt
polo ralph lauren big   tall plaid cotton poplin long sleeve woven shirt
polo ralph lauren big   tall pima soft touch polo shirt
polo ralph lauren big   tall pima cotton v neck sweater
polo ralph lauren big   tall performance jersey solid short sleeve tee
polo ralph lauren big   tall patchwork french terry shorts
polo ralph lauren big   tall paisley madras plaid short sleeve woven shirt
polo ralph lauren big   tall oxford striped crew dress socks 2 pack
polo ralph lauren big   tall novelty featherweight mesh short sleeve polo shirt
polo ralph lauren big   tall newport flat front cotton solid oxford shorts
polo ralph lauren big   tall multi stripe crew dress socks 2 pack
polo ralph lauren big   tall military long sleeve woven shirt
polo ralph lauren big   tall matlock short sleeve woven shirt
polo ralph lauren big   tall matlock americana chambray long sleeve woven shirt
polo ralph lauren big   tall linen solid long sleeve woven shirt
polo ralph lauren big   tall lightweight straight fit stanton wash jeans
polo ralph lauren big   tall koi fish print short sleeve woven shirt
polo ralph lauren big   tall kailua swim trunks
polo ralph lauren big   tall kailua american flag swim trunks
polo ralph lauren big   tall jersey short sleeve tee
polo ralph lauren big   tall jersey short sleeve american flag graphic tee
polo ralph lauren big   tall jersey crew neck pocket t shirt
polo ralph lauren big   tall italian leather belt
polo ralph lauren big   tall indigo patchwork shorts
polo ralph lauren big   tall indigo oxford short sleeve woven shirt
polo ralph lauren big   tall indigo oxford plaid short sleeve woven shirt
polo ralph lauren big   tall henley shirt
polo ralph lauren big   tall hawaiian swim boxers
polo ralph lauren big   tall hampton stretch straight fit jeans
polo ralph lauren big   tall hampton straight fit lightweight morris wash jeans
polo ralph lauren big   tall hampton straight fit jeans
polo ralph lauren big   tall hampton knit oxfrod nautical flag short sleeve polo shirt
polo ralph lauren big   tall hampton knit oxford stripe short sleeve polo shirt
polo ralph lauren big   tall hampton knit oxford short sleeve polo shirt
polo ralph lauren big   tall hampton knit oxford marlin print short sleeve polo shirt
polo ralph lauren big   tall graphic striped short sleeve tee
polo ralph lauren big   tall graphic short sleeve tee
polo ralph lauren big   tall gingham traveler swim trunks
polo ralph lauren big   tall gingham poplin nautical flag long sleeve woven shirt
polo ralph lauren big   tall garment dyed long sleeve woven shirt
polo ralph lauren big   tall garment dyed cotton long sleeve woven shirt
polo ralph lauren big   tall floral traveler swim trunks
polo ralph lauren big   tall floral shirt
polo ralph lauren big   tall floral print oxford short sleeve woven shirt
polo ralph lauren big   tall floral oxford short sleeve woven shirt
polo ralph lauren big   tall flat front surplus shorts
polo ralph lauren big   tall featherweight short sleeve polo shirt
polo ralph lauren big   tall faux crocodile belt
polo ralph lauren big   tall embroidered newport stretch classic fit shorts
polo ralph lauren big   tall cushioned quarter top casual socks 3 pack
polo ralph lauren big   tall cushioned athletic crew socks 3 pack
polo ralph lauren big   tall cotton blend fleece pants
polo ralph lauren big   tall cotton blend crew socks 3 pack
polo ralph lauren big   tall cotton solid poplin shirt
polo ralph lauren big   tall cloud dye ombre short sleeve polo shirt
polo ralph lauren big   tall classic fit weathered mesh short sleeve polo shirt
polo ralph lauren big   tall classic fit striped stretch mesh short sleeve polo shirt
polo ralph lauren big   tall classic fit striped oxford sportshirt
polo ralph lauren big   tall classic fit stretch sateen pants
polo ralph lauren big   tall classic fit stretch mesh short sleeve polo shirt
polo ralph lauren big   tall classic fit souvenir short sleeve polo shirt
polo ralph lauren big   tall classic fit solid seersucker short sleeve woven shirt
polo ralph lauren big   tall classic fit solid oxford short sleeve woven shirt
polo ralph lauren big   tall classic fit solid linen blend short sleeve woven shirt
polo ralph lauren big   tall classic fit soft touch short sleeve solid polo shirt
polo ralph lauren big   tall classic fit short sleeved cotton mesh polo shirt
polo ralph lauren big   tall classic fit short sleeve tee
polo ralph lauren big   tall classic fit rugged bleecker shorts
polo ralph lauren big   tall classic fit pleated chino pants
polo ralph lauren big   tall classic fit mesh short sleeve polo shirt
polo ralph lauren big   tall classic fit mesh polo shirt
polo ralph lauren big   tall classic fit madras long sleeve woven shirt
polo ralph lauren big   tall classic fit linen blend chino pants
polo ralph lauren big   tall classic fit jersey pocket crewneck tee
polo ralph lauren big   tall classic fit flat front chino short
polo ralph lauren big   tall classic fit flat front chino pants
polo ralph lauren big   tall classic fit flat front bedford chino pants
polo ralph lauren big   tall classic fit featherweight novelty mesh polo shirt
polo ralph lauren big   tall classic fit drawstring shorts
polo ralph lauren big   tall classic fit cotton v neck 2 pack
polo ralph lauren big   tall classic fit cotton soft solid short sleeve polo shirt
polo ralph lauren big   tall classic fit cotton mid rise brief 2 pack
polo ralph lauren big   tall classic fit cotton mesh polo shirt
polo ralph lauren big   tall classic fit cotton crew 2 pack
polo ralph lauren big   tall classic fit cotton cargo shorts
polo ralph lauren big   tall classic fit cotton boxer brief assorted 2 pack
polo ralph lauren big   tall classic fit big pony short sleeve polo shirt
polo ralph lauren big   tall classic fit beach solid twill long sleeve woven shirt
polo ralph lauren big   tall classic fleece full zip hoodie
polo ralph lauren big   tall classic fleece drawstring pants
polo ralph lauren big   tall classic fit microfiber windbreaker
polo ralph lauren big   tall classic fit linen blend marlin print shorts
polo ralph lauren big   tall classic fit cotton boxer brief 2 pack
polo ralph lauren big   tall classic cotton blend socks 3 pack
polo ralph lauren big   tall classic cotton spa terry shorts
polo ralph lauren big   tall classic cotton spa terry polo
polo ralph lauren big   tall classic chino sports cap
polo ralph lauren big   tall checked poplin shirt
polo ralph lauren big   tall checked oxford shirt
polo ralph lauren big   tall checked oxford long sleeve woven shirt
polo ralph lauren big   tall checked long sleeve woven shirt
polo ralph lauren big   tall checked cotton poplin shirt
polo ralph lauren big   tall check poplin long sleeve woven shirt
polo ralph lauren big   tall chambray short sleeve woven shirt
polo ralph lauren big   tall big pony stretch mesh short sleeve polo shirt
polo ralph lauren big   tall andrew striped sleep shirt
polo ralph lauren big   tall americana star print short sleeve woven shirt
polo ralph lauren big   tall americana embroidered oxford short sleeve woven shirt
polo ralph lauren big   tall americana dip dye mesh short sleeve polo shirt
polo ralph lauren big   tall american flag embroidered short sleeve tee
polo ralph lauren big   tall allover pony sleep pants
polo ralph lauren big   tall all day beach stretch hybrid shorts
polo ralph lauren big   tall 3 pack dress socks
polo ralph lauren big   tall  double andrew double  striped sleep pants
polo ralph lauren big   tall
polo ralph lauren bienne boat shoes
polo ralph lauren bal harbour boys   slip on sneakers
polo ralph lauren bal harbour boys   casual slip on sneakers
polo ralph lauren baby girls 3 24 months chambray romper
polo ralph lauren athletic twill cap
polo ralph lauren artisan mesh americana custom slim fit short sleeve polo shirt
polo ralph lauren antique floral short sleeve woven shirt
polo ralph lauren anchor embroidered short sleeve woven shirt
polo ralph lauren anchor icon belt
polo ralph lauren americana star print short sleeve woven shirt
polo ralph lauren americana standard fit chambray short sleeve woven shirt
polo ralph lauren americana embroidered long sleeve woven shirt
polo ralph lauren americana custom slim fit knit jersey crew neck short sleeve graphic tee
polo ralph lauren americana classic fit mesh short sleeve polo shirt
polo ralph lauren american flag short sleeve woven shirt
polo ralph lauren american flag pocket short sleeve woven shirt
polo ralph lauren all day beach shorts
polo ralph lauren all day camo beach shorts
polo ralph lauren all day beach shorts
polo ralph lauren 3 pack liner socks
polo ralph lauren 3 pack dress socks
polo ralph lauren 3 pack athletic socks
polo ralph lauren 3 button blazer
polo ralph lauren 10 13 3 pack athletic ankle socks
polo ralph lauren  double saddle double  reversible leather belt
polo ralph lauren  double andrew double  striped robe
polo ralph lauren
polo ralph lauren
polo by ralph lauren
lauren by ralph lauren
lauren by ralph lauren plus tie dye linen knit top
lauren by ralph lauren plus size solid bandeau flyaway one piece
lauren by ralph lauren plus size carnivale flyaway one piece
lauren by ralph lauren plus leopard poolside tunic cover up
lauren by ralph lauren plus leopard flyaway one piece
lauren by ralph lauren plus carnivale farrah dress cover up
lauren by ralph lauren petites kasinda smock pur
lauren by ralph lauren petite stretch cotton short
lauren by ralph lauren petite linen 3 button blazer
lauren ralph striped lawn pajamas
lauren ralph lauren yacht club strappy one piece
lauren ralph lauren women  s casandra nubuck   elastic espadrille wedges
lauren ralph lauren women  s briley driving moccasins
lauren ralph lauren winston belt
lauren ralph lauren wide leg jersey jumpsuit
lauren ralph lauren white super stretch denim slimming straight leg jeans
lauren ralph lauren watercolor paisley sleepshirt
lauren ralph lauren watercolor paisley jersey chemise
lauren ralph lauren watercolor paisley capri pajamas
lauren ralph lauren watercolor floral capri pajamas
lauren ralph lauren waffle knit cotton midi dress
lauren ralph lauren viscose blake button front shirt cover up
lauren ralph lauren velvet mock neck halter dress
lauren ralph lauren valla sandals
lauren ralph lauren v neck sleeveless solid jersey jumpsuit
lauren ralph lauren v neck short sleeve solid georgette top
lauren ralph lauren two toned bateau neck 3 4 sleeve dress
lauren ralph lauren two tone sequin bodice gown
lauren ralph lauren two dozen roses rose quartz beaded bracelet
lauren ralph lauren two dozen roses rose quartz   faux pearl collar necklace
lauren ralph lauren two dozen roses faux pearl stud earrings
lauren ralph lauren two dozen roses faux pearl   rose quartz linear drop earrings
lauren ralph lauren twill two button jacket
lauren ralph lauren turquoise stone drop earrings
lauren ralph lauren turquoise stone double drop earrings
lauren ralph lauren turquoise   caicos pendant necklace
lauren ralph lauren turquoise   caicos cuff bracelet
lauren ralph lauren triple keeper belt
lauren ralph lauren tri strap leather belt
lauren ralph lauren tile print halter one piece
lauren ralph lauren tile print flyaway bandeau one piece
lauren ralph lauren tiered cotton maxi skirt
lauren ralph lauren tie dye linen knit top
lauren ralph lauren tie dye button up shirt
lauren ralph lauren tie dye button down shirt
lauren ralph lauren thin cuff bracelet
lauren ralph lauren textured wrap robe
lauren ralph lauren tara nylon cross body bag
lauren ralph lauren tally waterproof rubber pull on rain booties
lauren ralph lauren tally rain boots
lauren ralph lauren tally chelsea rain booties
lauren ralph lauren taffeta faille jersey combo gown
lauren ralph lauren sweater knit wrap cardigan
lauren ralph lauren striped tie front maxi dress
lauren ralph lauren striped stretch cotton tee
lauren ralph lauren striped slub jersey sleepshirt
lauren ralph lauren striped slub jersey racerback maxi lounge dress
lauren ralph lauren striped sleepshirt
lauren ralph lauren striped satin strappy chemise
lauren ralph lauren striped satin pajamas
lauren ralph lauren striped sateen pajamas
lauren ralph lauren striped sateen classic pajamas
lauren ralph lauren striped poplin midi sleepshirt
lauren ralph lauren striped piqu   pajamas
lauren ralph lauren striped piqu   lounge hoodie
lauren ralph lauren striped pajamas
lauren ralph lauren striped off the shoulder dress
lauren ralph lauren striped off the shoulder top
lauren ralph lauren striped midi sleepshirt
lauren ralph lauren striped logo band sleep pants
lauren ralph lauren striped linen dolman sleeve top
lauren ralph lauren striped lawn pajamas
lauren ralph lauren striped jersey top
lauren ralph lauren striped jersey sleepshirt
lauren ralph lauren striped jersey racerback maxi lounge dress
lauren ralph lauren striped jersey pajamas
lauren ralph lauren striped jersey keyhole pajamas
lauren ralph lauren striped jersey chemise
lauren ralph lauren striped jersey bermuda pajamas
lauren ralph lauren striped jacquard dress
lauren ralph lauren striped henley sleepshirt
lauren ralph lauren striped eyelet cotton shirt
lauren ralph lauren striped dress
lauren ralph lauren striped dobby classic capri pajamas
lauren ralph lauren striped cotton tunic
lauren ralph lauren striped cotton boat neck tee
lauren ralph lauren stripe jersey tie side dress
lauren ralph lauren stripe fit and flare sweater dress
lauren ralph lauren stripe crushed cotton camp shirt cover up
lauren ralph lauren stripe camp shirt cover up
lauren ralph lauren stretch twill skinny pants
lauren ralph lauren stretch twill mid rise skinny pant
lauren ralph lauren stretch twill skinny pant
lauren ralph lauren stretch twill sheath dress
lauren ralph lauren stretch twill fit and flare dress
lauren ralph lauren stretch jersey halter dress
lauren ralph lauren stretch jersey crisscross halter gown
lauren ralph lauren stretch interlock maxi skirt
lauren ralph lauren stretch denim skinny pant
lauren ralph lauren stretch denim short
lauren ralph lauren stretch denim pencil skirt
lauren ralph lauren stretch crepe gown
lauren ralph lauren stretch crepe a line dress
lauren ralph lauren stretch cotton trench dress
lauren ralph lauren stretch cotton boatneck tee
lauren ralph lauren stretch cotton boat neck tee
lauren ralph lauren stretch cotton bateau neck elbow sleeve tee
lauren ralph lauren stereo hearts triple hoop drop earrings
lauren ralph lauren spectator solids shaping lattice halter one piece
lauren ralph lauren sonia fringed paisley wrap
lauren ralph lauren solid sleeveless trapeze dress
lauren ralph lauren solid crepe a line dress
lauren ralph lauren solid brushed terry hoodie lounge dress
lauren ralph lauren solange dotted silk square scarf
lauren ralph lauren smocked off the shoulder top
lauren ralph lauren sleeveless wide leg matte jersey jumpsuit
lauren ralph lauren sleeveless solid georgette a line dress
lauren ralph lauren sleeveless layered top
lauren ralph lauren sleeveless lace yoke gown
lauren ralph lauren sleeveless lace bodice fit   flare crepe dress
lauren ralph lauren sleeveless georgette top
lauren ralph lauren sleeveless denim shirt
lauren ralph lauren sleeveless cotton poplin shirt
lauren ralph lauren single button twill jacket
lauren ralph lauren single button denim blazer
lauren ralph lauren silvertone hoop earrings
lauren ralph lauren silvertone beaded bracelet
lauren ralph lauren silvertone bead bracelet
lauren ralph lauren silver stud earrings
lauren ralph lauren signature lace trimmed floral satin wrap robe
lauren ralph lauren signature lace and satin floral wrap robe
lauren ralph lauren signature floral satin   lace pajamas
lauren ralph lauren signature floral satin   lace chemise
lauren ralph lauren signature collection satin wrap robe
lauren ralph lauren signature collection satin chemise
lauren ralph lauren signature collection lace trimmed sweetheart chemise
lauren ralph lauren signature collection jersey knit wrap robe
lauren ralph lauren siena cross body bag
lauren ralph lauren short sleeve bermuda pajama set
lauren ralph lauren shirred jersey sequin gown
lauren ralph lauren shirred jersey gown
lauren ralph lauren shawl collar short robe
lauren ralph lauren sequined yoke jersey gown
lauren ralph lauren sequined one shoulder column gown
lauren ralph lauren sequined floral lace off the shoulder gown
lauren ralph lauren sequin off the shoulder floral lace gown
lauren ralph lauren sequin lace shoulder jersey gown
lauren ralph lauren self tie denim shirtdress
lauren ralph lauren scoop neck short sleeve fit   flare maxi dress
lauren ralph lauren scalloped trim cotton top
lauren ralph lauren scalloped lace sheath dress
lauren ralph lauren scalloped lace gown
lauren ralph lauren scalloped lace dress
lauren ralph lauren satin pajamas
lauren ralph lauren samantha floral silk twill oblong scarf
lauren ralph lauren sabine saffiano medium satchel
lauren ralph lauren ruffled one shoulder top
lauren ralph lauren ruffled one shoulder poplin blouse
lauren ralph lauren ruffled lace dress
lauren ralph lauren ruffled floral chemise
lauren ralph lauren ruffled crepe blouse
lauren ralph lauren ruffled bell sleeve jersey surplice dress
lauren ralph lauren rounded neck sleeveless lace up dress
lauren ralph lauren round neck sleeveless overlay shift dress
lauren ralph lauren round neck long sleeve geometric lace shift dress
lauren ralph lauren round neck georgette cape jersey gown
lauren ralph lauren rossalyn ii rain boots
lauren ralph lauren rose chic ring pendant necklace
lauren ralph lauren rose chic oval link collar necklace
lauren ralph lauren rose chic large link toggle line bracelet
lauren ralph lauren rolled cuff cotton shirt
lauren ralph lauren rhian ii pumps
lauren ralph lauren reversible crocodile embossed belt
lauren ralph lauren randy crepe a line dress
lauren ralph lauren racing polka dot midi dress
lauren ralph lauren printed linen scoopneck tee
lauren ralph lauren printed jersey dress
lauren ralph lauren premier skinny cropped jeans
lauren ralph lauren premier cropped skinny jean
lauren ralph lauren portwood collection debby tasseled whip stitched woven drawstring bag
lauren ralph lauren pop styles beaded line bracelet
lauren ralph lauren pop style cluster drop earrings
lauren ralph lauren pop style chandelier earrings
lauren ralph lauren ponte faux leather trim pencil skirt
lauren ralph lauren ponte cold shoulder dress
lauren ralph lauren polka dot print jersey dress
lauren ralph lauren polka dot midi dress
lauren ralph lauren polka dot jersey dress
lauren ralph lauren polka dot crepe midi dress
lauren ralph lauren polka dot crepe cutout shoulder dress
lauren ralph lauren point collar eyelet cotton shirt
lauren ralph lauren plus wrinkle free slim dress shirt
lauren ralph lauren plus wide leg jersey jumpsuit
lauren ralph lauren plus waffle knit cotton midi dress
lauren ralph lauren plus twill two button jacket
lauren ralph lauren plus twill denim shirt
lauren ralph lauren plus tile print bandeau skirted one piece
lauren ralph lauren plus tie dye linen knit top
lauren ralph lauren plus tie dye button down shirt
lauren ralph lauren plus super stretch slimming modern skinny jeans
lauren ralph lauren plus super stretch slimming modern curvy jeans
lauren ralph lauren plus super stretch classic straight leg harbor wash jeans
lauren ralph lauren plus striped stretch cotton tee
lauren ralph lauren plus striped pajamas
lauren ralph lauren plus striped off the shoulder dress
lauren ralph lauren plus striped linen jersey shirt
lauren ralph lauren plus striped jersey pajamas
lauren ralph lauren plus striped jersey dress
lauren ralph lauren plus striped jersey chemise
lauren ralph lauren plus striped eyelet cotton shirt
lauren ralph lauren plus striped cutout jersey top
lauren ralph lauren plus striped cotton boat neck tee
lauren ralph lauren plus stripe stretch cotton tee
lauren ralph lauren plus stretch twill skinny pant
lauren ralph lauren plus stretch twill pencil skirt
lauren ralph lauren plus stretch shift dress
lauren ralph lauren plus stretch jersey jumpsuit
lauren ralph lauren plus stretch cotton shorts
lauren ralph lauren plus stretch cotton boat neck tee
lauren ralph lauren plus smocked off the shoulder top
lauren ralph lauren plus sleeveless printed crepe fit and flare dress
lauren ralph lauren plus single button denim blazer
lauren ralph lauren plus silk blend v neck curved hem sweater
lauren ralph lauren plus sheer cap sleeve v neck ruched jersey sheath dress
lauren ralph lauren plus sequined lace surplice dress
lauren ralph lauren plus ruffle sleeve matte jersey dress
lauren ralph lauren plus ruched long sleeve v neck jersey dress
lauren ralph lauren plus round neck ruched solid jersey sheath dress
lauren ralph lauren plus round neck long sleeve geometric lace shift dress
lauren ralph lauren plus round neck 3 4 sleeve cutout shoulder jersey top
lauren ralph lauren plus racing dots matte jersey dress
lauren ralph lauren plus printed matte jersey dress
lauren ralph lauren plus premier skinny ankle jean
lauren ralph lauren plus polka dot jersey dress
lauren ralph lauren plus plaid off the shoulder top
lauren ralph lauren plus plaid crinkled cotton shirt
lauren ralph lauren plus patchwork paisley pajamas
lauren ralph lauren plus patchwork paisley jersey chemise
lauren ralph lauren plus paisley print scoop neck tee
lauren ralph lauren plus paisley print jersey dress
lauren ralph lauren plus paisley sheath dress
lauren ralph lauren plus paisley jersey sleepshirt
lauren ralph lauren plus paisley jersey pajamas
lauren ralph lauren plus paisley jersey maxi nightgown
lauren ralph lauren plus paisley jersey bermuda pajamas
lauren ralph lauren plus paisley crepe off the shoulder blouse
lauren ralph lauren plus paisley cotton silk shirt
lauren ralph lauren plus overlay paisley crepe dress
lauren ralph lauren plus off the shoulder sheath dress
lauren ralph lauren plus monogram short sleeve polo shirt
lauren ralph lauren plus mockneck sheath dress
lauren ralph lauren plus mesh sleeve bomber jacket
lauren ralph lauren plus lush tropical twist underwire one piece
lauren ralph lauren plus lush tropical skirted one piece
lauren ralph lauren plus lush tropical farrah dress cover up
lauren ralph lauren plus long sleeve jersey a line dress
lauren ralph lauren plus long sleeve button down shirt
lauren ralph lauren plus linen scoopneck tee
lauren ralph lauren plus linen roll cuff shirt
lauren ralph lauren plus linen jersey shift dress
lauren ralph lauren plus linen 3 button blazer
lauren ralph lauren plus layered jersey top
lauren ralph lauren plus laser cut poplin dress
lauren ralph lauren plus laser cut cotton blend shirt
lauren ralph lauren plus lace up denim shift dress
lauren ralph lauren plus lace hem stretch cotton tee
lauren ralph lauren plus lace v neck dress
lauren ralph lauren plus lace open front duster
lauren ralph lauren plus lace off the shoulder dress
lauren ralph lauren plus keyhole jersey top
lauren ralph lauren plus jersey bodice taffeta dress
lauren ralph lauren plus jersey wide leg jumpsuit
lauren ralph lauren plus jersey taffeta party dress
lauren ralph lauren plus jersey sleeveless top
lauren ralph lauren plus jersey scoopneck maxi dress
lauren ralph lauren plus jersey off the shoulder top
lauren ralph lauren plus jersey crew neck tee
lauren ralph lauren plus jacquard off the shoulder top
lauren ralph lauren plus ikat stripe underwire twist bandeau one piece
lauren ralph lauren plus ikat stripe chiffon tunic cover up
lauren ralph lauren plus hooded zip lounger
lauren ralph lauren plus his shirt paisley sleepshirt
lauren ralph lauren plus his shirt floral lawn sleepshirt
lauren ralph lauren plus his shirt bandanna print classic sleepshirt
lauren ralph lauren plus high rise wide leg pant
lauren ralph lauren plus georgette off the shoulder top
lauren ralph lauren plus georgette cap sleeve top
lauren ralph lauren plus georgette asymmetrical overlay shift dress
lauren ralph lauren plus geometric embroidered tulle tank
lauren ralph lauren plus geometric printed jersey dress
lauren ralph lauren plus geometric lace sheath dress
lauren ralph lauren plus geometric cotton maxi skirt
lauren ralph lauren plus front overlay crepe dress
lauren ralph lauren plus flutter sleeve matte jersey dress
lauren ralph lauren plus flutter sleeve jersey dress
lauren ralph lauren plus flutter sleeve cotton shirt
lauren ralph lauren plus flounce sleeve jersey dress
lauren ralph lauren plus floral print trapeze dress
lauren ralph lauren plus floral print maxi skirt
lauren ralph lauren plus floral print keyhole dress
lauren ralph lauren plus floral print dress
lauren ralph lauren plus floral print crepe dress
lauren ralph lauren plus floral printed matte jersey dress
lauren ralph lauren plus floral jacquard dress
lauren ralph lauren plus floral crepe shift dress
lauren ralph lauren plus floral crepe dress
lauren ralph lauren plus eyelet cotton shirt
lauren ralph lauren plus embroidered sheer tee
lauren ralph lauren plus draped button up blouse
lauren ralph lauren plus dotted pajama set
lauren ralph lauren plus denim sheath dress
lauren ralph lauren plus cutout jersey top
lauren ralph lauren plus cut out shoulder jersey dress
lauren ralph lauren plus crochet floral lace dress
lauren ralph lauren plus crepe panel jersey top
lauren ralph lauren plus crepe long sleeve tunic
lauren ralph lauren plus crepe bell sleeve cropped top
lauren ralph lauren plus crepe a line dress
lauren ralph lauren plus cotton silk voile shirt
lauren ralph lauren plus cotton silk voile shirt
lauren ralph lauren plus cotton silk point collar shirt
lauren ralph lauren plus cotton sweater blazer
lauren ralph lauren plus cotton poplin shirt
lauren ralph lauren plus cotton off the shoulder top
lauren ralph lauren plus cotton off the shoulder top
lauren ralph lauren plus cotton midi shirtdress
lauren ralph lauren plus cotton cargo pant
lauren ralph lauren plus colorblock jersey dress
lauren ralph lauren plus collarless denim jacket
lauren ralph lauren plus classic notch collar sleepshirt
lauren ralph lauren plus charissa tee
lauren ralph lauren plus chambray shirt
lauren ralph lauren plus chambray off the shoulder top
lauren ralph lauren plus cap sleeve polka dot jersey dress
lauren ralph lauren plus buttoned shoulder top
lauren ralph lauren plus boatneck elbow sleeve stretch cotton tee
lauren ralph lauren plus beach club solids ruffled shirred underwire one piece
lauren ralph lauren plus beach club solids halter plunge skirted one piece
lauren ralph lauren plus bateau neck sleeveless lace bodice crepe dress
lauren ralph lauren plus bandanna print slub jersey sleepshirt
lauren ralph lauren plus bandanna print slub jersey capri pajamas
lauren ralph lauren plus a line sweater skirt
lauren ralph lauren pleated skirt crepe dress
lauren ralph lauren pleated halter printed trapeze dress
lauren ralph lauren pleated a line dress
lauren ralph lauren plaid off the shoulder top
lauren ralph lauren plaid crinkled cotton shirt
lauren ralph lauren piqu   sleeveless dress
lauren ralph lauren piqu   polo shirt
lauren ralph lauren petites super stretch heritage straight leg rinse wash jeans
lauren ralph lauren petites smocked off the shoulder top
lauren ralph lauren petite wide leg jersey jumpsuit
lauren ralph lauren petite waffle knit cotton fit and flare midi dress
lauren ralph lauren petite tie dye linen knit top
lauren ralph lauren petite tie dye button down shirt
lauren ralph lauren petite super stretch slimming modern skinny jeans
lauren ralph lauren petite super stretch slimming classic straight jeans
lauren ralph lauren petite striped sateen classic pajamas
lauren ralph lauren petite striped off the shoulder dress
lauren ralph lauren petite striped linen scoop neck tee
lauren ralph lauren petite stretch denim skinny pant
lauren ralph lauren petite stretch twill skinny pant
lauren ralph lauren petite stretch denim pencil skirt
lauren ralph lauren petite stretch cotton twill jacket
lauren ralph lauren petite single button denim blazer
lauren ralph lauren petite round neck long sleeve striped jersey top
lauren ralph lauren petite printed linen scoop neck tee
lauren ralph lauren petite premier cropped skinny jean
lauren ralph lauren petite plaid twill classic pajamas
lauren ralph lauren petite plaid crinkled cotton shirt
lauren ralph lauren petite paisley print scoop neck tee
lauren ralph lauren petite paisley sateen pajamas
lauren ralph lauren petite paisley crepe off the shoulder top
lauren ralph lauren petite paisley cotton silk shirt
lauren ralph lauren petite linen jersey shift dress
lauren ralph lauren petite laser cut bell sleeve shirt
lauren ralph lauren petite lace up denim shift dress
lauren ralph lauren petite lace up denim pencil skirt
lauren ralph lauren petite lace off the shoulder top
lauren ralph lauren petite keyhole halter jersey sheath dress
lauren ralph lauren petite jersey scoopneck maxidress
lauren ralph lauren petite jersey off the shoulder top
lauren ralph lauren petite geometric embroidered tank
lauren ralph lauren petite gabardine straight leg pants
lauren ralph lauren petite floral print crepe dress
lauren ralph lauren petite floral linen dolman sleeve top
lauren ralph lauren petite floral crepe shift dress
lauren ralph lauren petite eyelet embroidered top
lauren ralph lauren petite eyelet off the shoulder top
lauren ralph lauren petite eyelet cotton shirt
lauren ralph lauren petite embroidered tulle shift dress
lauren ralph lauren petite denim straight pant
lauren ralph lauren petite denim sheath dress
lauren ralph lauren petite cutout shoulder jersey top
lauren ralph lauren petite cotton silk voile shirt
lauren ralph lauren petite cotton silk off the shoulder top
lauren ralph lauren petite cotton sleeveless shirt
lauren ralph lauren petite cotton off the shoulder top
lauren ralph lauren petite collarless denim jacket
lauren ralph lauren petite chambray off the shoulder top
lauren ralph lauren petite  double aaron double  wrinkle free shirt
lauren ralph lauren perfect pieces twisted triple hoop earrings
lauren ralph lauren perfect pieces twisted hoop earrings
lauren ralph lauren pebbled faux leather belt
lauren ralph lauren pav   hoop earrings
lauren ralph lauren patchwork paisley sleepshirt
lauren ralph lauren patchwork paisley pajamas
lauren ralph lauren patchwork paisley capri pajamas
lauren ralph lauren paradise found turquoise stone collar necklace
lauren ralph lauren paradise found turquoise station necklace
lauren ralph lauren paradise found teardrop earrings
lauren ralph lauren paloma paisley hammered silk square scarf
lauren ralph lauren paisley print sleeveless dress
lauren ralph lauren paisley print sleepshirt
lauren ralph lauren paisley print scoop neck tee
lauren ralph lauren paisley print crepe skirt
lauren ralph lauren paisley terry robe
lauren ralph lauren paisley terry kimono wrap robe
lauren ralph lauren paisley surplice dress
lauren ralph lauren paisley sheath dress
lauren ralph lauren paisley sateen sleepshirt
lauren ralph lauren paisley sateen pajamas
lauren ralph lauren paisley sateen boxer pajamas
lauren ralph lauren paisley ruffled jersey chemise
lauren ralph lauren paisley pleated jersey racerback nightgown
lauren ralph lauren paisley jersey sleepshirt
lauren ralph lauren paisley jersey pajamas
lauren ralph lauren paisley jersey nightgown
lauren ralph lauren paisley jersey maxi nightgown
lauren ralph lauren paisley jersey dress
lauren ralph lauren paisley jersey capri pajamas
lauren ralph lauren paisley jersey bermuda pajamas
lauren ralph lauren paisley his shirt sateen sleepshirt
lauren ralph lauren paisley crepe off the shoulder blouse
lauren ralph lauren paisley cotton silk shirt
lauren ralph lauren paisley   striped gauze racerback maxi lounge dress
lauren ralph lauren overlay paisley crepe dress
lauren ralph lauren organza bomber jacket
lauren ralph lauren open back sleeveless velvet gown
lauren ralph lauren one shoulder velvet dress
lauren ralph lauren one shoulder sleeveless jersey gown
lauren ralph lauren one shoulder peplum dress
lauren ralph lauren off the shoulder satin dress
lauren ralph lauren off the shoulder lace dress
lauren ralph lauren off the shoulder jumpsuit
lauren ralph lauren off the shoulder jersey gown
lauren ralph lauren off the shoulder dress
lauren ralph lauren off the shoulder bell sleeve sheath dress
lauren ralph lauren off the shoulder bell sleeve jersey gown
lauren ralph lauren off the shoulder bell sleeve jersey dress
lauren ralph lauren off the shoulder dress
lauren ralph lauren ocean tie dye twist bandeau one piece
lauren ralph lauren nina watercolor floral oblong scarf
lauren ralph lauren nikki wedge sandals
lauren ralph lauren newbury saffiano leather belt
lauren ralph lauren newbury collection stefanie satchel
lauren ralph lauren newbury collection snap wallet
lauren ralph lauren newbury collection slim wallet
